Component: ARM Compiler 5.06 update 7 (build 960) Tool: armlink [4d3601]

==============================================================================

Section Cross References

    startup_stm32f103xb.o(RESET) refers to startup_stm32f103xb.o(STACK) for __initial_sp
    startup_stm32f103xb.o(RESET) refers to startup_stm32f103xb.o(.text) for Reset_Handler
    startup_stm32f103xb.o(RESET) refers to stm32f1xx_it.o(i.NMI_Handler) for NMI_Handler
    startup_stm32f103xb.o(RESET) refers to stm32f1xx_it.o(i.HardFault_Handler) for HardFault_Handler
    startup_stm32f103xb.o(RESET) refers to stm32f1xx_it.o(i.MemManage_Handler) for MemManage_Handler
    startup_stm32f103xb.o(RESET) refers to stm32f1xx_it.o(i.BusFault_Handler) for BusFault_Handler
    startup_stm32f103xb.o(RESET) refers to stm32f1xx_it.o(i.UsageFault_Handler) for UsageFault_Handler
    startup_stm32f103xb.o(RESET) refers to stm32f1xx_it.o(i.SVC_Handler) for SVC_Handler
    startup_stm32f103xb.o(RESET) refers to stm32f1xx_it.o(i.DebugMon_Handler) for DebugMon_Handler
    startup_stm32f103xb.o(RESET) refers to stm32f1xx_it.o(i.PendSV_Handler) for PendSV_Handler
    startup_stm32f103xb.o(RESET) refers to stm32f1xx_it.o(i.SysTick_Handler) for SysTick_Handler
    startup_stm32f103xb.o(RESET) refers to stm32f1xx_it.o(i.USB_LP_CAN1_RX0_IRQHandler) for USB_LP_CAN1_RX0_IRQHandler
    startup_stm32f103xb.o(.text) refers to system_stm32f1xx.o(i.SystemInit) for SystemInit
    startup_stm32f103xb.o(.text) refers to entry.o(.ARM.Collect$$$$00000000) for __main
    fat32.o(i._fat32_read_dir_entry) refers to memseta.o(.text) for __aeabi_memclr
    fat32.o(i._fat32_write_firmware) refers to stm32f1xx_hal_flash.o(i.HAL_FLASH_Unlock) for HAL_FLASH_Unlock
    fat32.o(i._fat32_write_firmware) refers to ihex_parser.o(i.ihex_is_crypt_mode) for ihex_is_crypt_mode
    fat32.o(i._fat32_write_firmware) refers to crypt.o(i.crypt_decrypt) for crypt_decrypt
    fat32.o(i._fat32_write_firmware) refers to stm32f1xx_hal_flash_ex.o(i.HAL_FLASHEx_Erase) for HAL_FLASHEx_Erase
    fat32.o(i._fat32_write_firmware) refers to stm32f1xx_hal_flash.o(i.HAL_FLASH_Program) for HAL_FLASH_Program
    fat32.o(i._fat32_write_firmware) refers to stm32f1xx_hal_flash.o(i.HAL_FLASH_Lock) for HAL_FLASH_Lock
    fat32.o(i.fat32_read) refers to fat32.o(i._fat32_read_fat_table) for _fat32_read_fat_table
    fat32.o(i.fat32_read) refers to memcpya.o(.text) for __aeabi_memcpy
    fat32.o(i.fat32_read) refers to memseta.o(.text) for __aeabi_memclr
    fat32.o(i.fat32_read) refers to fat32.o(i._fat32_read_dir_entry) for _fat32_read_dir_entry
    fat32.o(i.fat32_read) refers to fat32.o(.constdata) for .constdata
    fat32.o(i.fat32_write) refers to ihex_parser.o(i.ihex_reset_state) for ihex_reset_state
    fat32.o(i.fat32_write) refers to ihex_parser.o(i.ihex_set_callback_func) for ihex_set_callback_func
    fat32.o(i.fat32_write) refers to ihex_parser.o(i.ihex_parser) for ihex_parser
    fat32.o(i.fat32_write) refers to fat32.o(i._fat32_write_firmware) for _fat32_write_firmware
    ihex_parser.o(i.ihex_is_crypt_mode) refers to ihex_parser.o(.data) for .data
    ihex_parser.o(i.ihex_is_eof) refers to ihex_parser.o(.data) for .data
    ihex_parser.o(i.ihex_parser) refers to memseta.o(.text) for __aeabi_memclr
    ihex_parser.o(i.ihex_parser) refers to ihex_parser.o(.bss) for .bss
    ihex_parser.o(i.ihex_parser) refers to ihex_parser.o(.data) for .data
    ihex_parser.o(i.ihex_reset_state) refers to ihex_parser.o(.data) for .data
    ihex_parser.o(i.ihex_set_callback_func) refers to ihex_parser.o(.data) for .data
    crypt.o(i.crypt_decrypt) refers to crypt.o(i.gen_iv_by_lfsr) for gen_iv_by_lfsr
    crypt.o(i.crypt_decrypt) refers to aes.o(i.AES_ctx_set_iv) for AES_ctx_set_iv
    crypt.o(i.crypt_decrypt) refers to aes.o(i.AES_CTR_xcrypt_buffer) for AES_CTR_xcrypt_buffer
    crypt.o(i.crypt_decrypt) refers to crypt.o(.bss) for .bss
    crypt.o(i.crypt_init) refers to aes.o(i.AES_init_ctx) for AES_init_ctx
    crypt.o(i.crypt_init) refers to crypt.o(.constdata) for .constdata
    crypt.o(i.crypt_init) refers to crypt.o(.bss) for .bss
    crypt.o(i.gen_iv_by_lfsr) refers to memcpya.o(.text) for __aeabi_memcpy
    crypt.o(i.gen_iv_by_lfsr) refers to crypt.o(.constdata) for .constdata
    aes.o(i.AES_CTR_xcrypt_buffer) refers to memcpya.o(.text) for __aeabi_memcpy
    aes.o(i.AES_CTR_xcrypt_buffer) refers to aes.o(i.Cipher) for Cipher
    aes.o(i.AES_CTR_xcrypt_buffer) refers to aes.o(i.GenNewIV) for GenNewIV
    aes.o(i.AES_ctx_set_iv) refers to memcpya.o(.text) for __aeabi_memcpy
    aes.o(i.AES_init_ctx) refers to aes.o(i.KeyExpansion) for KeyExpansion
    aes.o(i.AES_init_ctx_iv) refers to aes.o(i.KeyExpansion) for KeyExpansion
    aes.o(i.AES_init_ctx_iv) refers to memcpya.o(.text) for __aeabi_memcpy
    aes.o(i.Cipher) refers to aes.o(i.AddRoundKey) for AddRoundKey
    aes.o(i.Cipher) refers to aes.o(i.MixColumns) for MixColumns
    aes.o(i.Cipher) refers to aes.o(.constdata) for .constdata
[...]
    I2C_WaitOnMasterAddressFlagUntilTimeout  0x08001949   Thumb Code   150  stm32f1xx_hal_i2c.o(i.I2C_WaitOnMasterAddressFlagUntilTimeout)
    i.I2C_WaitOnTXEFlagUntilTimeout          0x080019de   Section        0  stm32f1xx_hal_i2c.o(i.I2C_WaitOnTXEFlagUntilTimeout)
    I2C_WaitOnTXEFlagUntilTimeout            0x080019df   Thumb Code    76  stm32f1xx_hal_i2c.o(i.I2C_WaitOnTXEFlagUntilTimeout)
    i.IntToUnicode                           0x08001a2c   Section        0  usbd_desc.o(i.IntToUnicode)
    IntToUnicode                             0x08001a2d   Thumb Code    56  usbd_desc.o(i.IntToUnicode)
    i.LL_APB2_GRP1_EnableClock               0x08001a64   Section        0  main.o(i.LL_APB2_GRP1_EnableClock)
    LL_APB2_GRP1_EnableClock                 0x08001a65   Thumb Code    18  main.o(i.LL_APB2_GRP1_EnableClock)
    i.LL_GPIO_Init                           0x08001a7c   Section        0  stm32f1xx_ll_gpio.o(i.LL_GPIO_Init)
    i.LL_SetSystemCoreClock                  0x08001b6c   Section        0  stm32f1xx_ll_utils.o(i.LL_SetSystemCoreClock)
    i.MSC_BOT_Abort                          0x08001b78   Section        0  usbd_msc_bot.o(i.MSC_BOT_Abort)
    MSC_BOT_Abort                            0x08001b79   Thumb Code    68  usbd_msc_bot.o(i.MSC_BOT_Abort)
    i.MSC_BOT_CBW_Decode                     0x08001bbc   Section        0  usbd_msc_bot.o(i.MSC_BOT_CBW_Decode)
    MSC_BOT_CBW_Decode                       0x08001bbd   Thumb Code   180  usbd_msc_bot.o(i.MSC_BOT_CBW_Decode)
    i.MSC_BOT_CplClrFeature                  0x08001c74   Section        0  usbd_msc_bot.o(i.MSC_BOT_CplClrFeature)
    i.MSC_BOT_DataIn                         0x08001ca0   Section        0  usbd_msc_bot.o(i.MSC_BOT_DataIn)
    i.MSC_BOT_DataOut                        0x08001ce2   Section        0  usbd_msc_bot.o(i.MSC_BOT_DataOut)
    i.MSC_BOT_DeInit                         0x08001d1e   Section        0  usbd_msc_bot.o(i.MSC_BOT_DeInit)
    i.MSC_BOT_Init                           0x08001d28   Section        0  usbd_msc_bot.o(i.MSC_BOT_Init)
    i.MSC_BOT_Reset                          0x08001d6a   Section        0  usbd_msc_bot.o(i.MSC_BOT_Reset)
    i.MSC_BOT_SendCSW                        0x08001d84   Section        0  usbd_msc_bot.o(i.MSC_BOT_SendCSW)
    i.MSC_BOT_SendData                       0x08001dc0   Section        0  usbd_msc_bot.o(i.MSC_BOT_SendData)
    MSC_BOT_SendData                         0x08001dc1   Thumb Code    58  usbd_msc_bot.o(i.MSC_BOT_SendData)
    i.MX_USB_DEVICE_Init                     0x08001dfc   Section        0  usb_device.o(i.MX_USB_DEVICE_Init)
    i.MemManage_Handler                      0x08001e50   Section        0  stm32f1xx_it.o(i.MemManage_Handler)
    i.MixColumns                             0x08001e54   Section        0  aes.o(i.MixColumns)
    MixColumns                               0x08001e55   Thumb Code   154  aes.o(i.MixColumns)
    i.NMI_Handler                            0x08001eee   Section        0  stm32f1xx_it.o(i.NMI_Handler)
    i.PCD_EP_ISR_Handler                     0x08001ef0   Section        0  stm32f1xx_hal_pcd.o(i.PCD_EP_ISR_Handler)
    PCD_EP_ISR_Handler                       0x08001ef1   Thumb Code   788  stm32f1xx_hal_pcd.o(i.PCD_EP_ISR_Handler)
    i.PendSV_Handler                         0x08002204   Section        0  stm32f1xx_it.o(i.PendSV_Handler)
    i.SCSI_CheckAddressRange                 0x08002206   Section        0  usbd_msc_scsi.o(i.SCSI_CheckAddressRange)
    SCSI_CheckAddressRange                   0x08002207   Thumb Code    34  usbd_msc_scsi.o(i.SCSI_CheckAddressRange)
    i.SCSI_Inquiry                           0x08002228   Section        0  usbd_msc_scsi.o(i.SCSI_Inquiry)
    SCSI_Inquiry                             0x08002229   Thumb Code    92  usbd_msc_scsi.o(i.SCSI_Inquiry)
    i.SCSI_ModeSense10                       0x08002288   Section        0  usbd_msc_scsi.o(i.SCSI_ModeSense10)
    SCSI_ModeSense10                         0x08002289   Thumb Code    32  usbd_msc_scsi.o(i.SCSI_ModeSense10)
    i.SCSI_ModeSense6                        0x080022ac   Section        0  usbd_msc_scsi.o(i.SCSI_ModeSense6)
    SCSI_ModeSense6                          0x080022ad   Thumb Code    30  usbd_msc_scsi.o(i.SCSI_ModeSense6)
    i.SCSI_ProcessCmd                        0x080022d0   Section        0  usbd_msc_scsi.o(i.SCSI_ProcessCmd)
    i.SCSI_ProcessRead                       0x08002366   Section        0  usbd_msc_scsi.o(i.SCSI_ProcessRead)
    SCSI_ProcessRead                         0x08002367   Thumb Code   152  usbd_msc_scsi.o(i.SCSI_ProcessRead)
    i.SCSI_ProcessWrite                      0x080023fe   Section        0  usbd_msc_scsi.o(i.SCSI_ProcessWrite)
    SCSI_ProcessWrite                        0x080023ff   Thumb Code   170  usbd_msc_scsi.o(i.SCSI_ProcessWrite)
    i.SCSI_Read10                            0x080024a8   Section        0  usbd_msc_scsi.o(i.SCSI_Read10)
    SCSI_Read10                              0x080024a9   Thumb Code   204  usbd_msc_scsi.o(i.SCSI_Read10)
    i.SCSI_ReadCapacity10                    0x08002574   Section        0  usbd_msc_scsi.o(i.SCSI_ReadCapacity10)
    SCSI_ReadCapacity10                      0x08002575   Thumb Code    90  usbd_msc_scsi.o(i.SCSI_ReadCapacity10)
    i.SCSI_ReadFormatCapacity                0x080025ce   Section        0  usbd_msc_scsi.o(i.SCSI_ReadFormatCapacity)
    SCSI_ReadFormatCapacity                  0x080025cf   Thumb Code   112  usbd_msc_scsi.o(i.SCSI_ReadFormatCapacity)
    i.SCSI_RequestSense                      0x0800263e   Section        0  usbd_msc_scsi.o(i.SCSI_RequestSense)
    SCSI_RequestSense                        0x0800263f   Thumb Code   104  usbd_msc_scsi.o(i.SCSI_RequestSense)
    i.SCSI_SenseCode                         0x080026a6   Section        0  usbd_msc_scsi.o(i.SCSI_SenseCode)
    i.SCSI_StartStopUnit                     0x080026da   Section        0  usbd_msc_scsi.o(i.SCSI_StartStopUnit)
    SCSI_StartStopUnit                       0x080026db   Thumb Code    12  usbd_msc_scsi.o(i.SCSI_StartStopUnit)
    i.SCSI_TestUnitReady                     0x080026e6   Section        0  usbd_msc_scsi.o(i.SCSI_TestUnitReady)
    SCSI_TestUnitReady                       0x080026e7   Thumb Code    76  usbd_msc_scsi.o(i.SCSI_TestUnitReady)
    i.SCSI_Verify10                          0x08002732   Section        0  usbd_msc_scsi.o(i.SCSI_Verify10)
    SCSI_Verify10                            0x08002733   Thumb Code    56  usbd_msc_scsi.o(i.SCSI_Verify10)
    i.SCSI_Write10                           0x0800276a   Section        0  usbd_msc_scsi.o(i.SCSI_Write10)
    SCSI_Write10                             0x0800276b   Thumb Code   258  usbd_msc_scsi.o(i.SCSI_Write10)
    i.SSD1306_DrawPixel                      0x0800286c   Section        0  ssd1306.o(i.SSD1306_DrawPixel)
    i.SSD1306_Fill                           0x080028ac   Section        0  ssd1306.o(i.SSD1306_Fill)
    i.SSD1306_GotoXY                         0x080028c4   Section        0  ssd1306.o(i.SSD1306_GotoXY)
    i.SSD1306_Init                           0x080028d0   Section        0  ssd1306.o(i.SSD1306_Init)
    i.SSD1306_Putc                           0x08002a38   Section        0  ssd1306.o(i.SSD1306_Putc)
    i.SSD1306_Puts                           0x08002ad8   Section        0  ssd1306.o(i.SSD1306_Puts)
    i.SSD1306_UpdateScreen                   0x08002b00   Section        0  ssd1306.o(i.SSD1306_UpdateScreen)
    i.STORAGE_GetCapacity_FS                 0x08002b48   Section        0  usbd_storage_if.o(i.STORAGE_GetCapacity_FS)
    STORAGE_GetCapacity_FS                   0x08002b49   Thumb Code    14  usbd_storage_if.o(i.STORAGE_GetCapacity_FS)
    i.STORAGE_GetMaxLun_FS                   0x08002b56   Section        0  usbd_storage_if.o(i.STORAGE_GetMaxLun_FS)
    STORAGE_GetMaxLun_FS                     0x08002b57   Thumb Code     4  usbd_storage_if.o(i.STORAGE_GetMaxLun_FS)
    i.STORAGE_Init_FS                        0x08002b5a   Section        0  usbd_storage_if.o(i.STORAGE_Init_FS)
    STORAGE_Init_FS                          0x08002b5b   Thumb Code     4  usbd_storage_if.o(i.STORAGE_Init_FS)
    i.STORAGE_IsReady_FS                     0x08002b5e   Section        0  usbd_storage_if.o(i.STORAGE_IsReady_FS)
    STORAGE_IsReady_FS                       0x08002b5f   Thumb Code     4  usbd_storage_if.o(i.STORAGE_IsReady_FS)
    i.STORAGE_IsWriteProtected_FS            0x08002b62   Section        0  usbd_storage_if.o(i.STORAGE_IsWriteProtected_FS)
    STORAGE_IsWriteProtected_FS              0x08002b63   Thumb Code     4  usbd_storage_if.o(i.STORAGE_IsWriteProtected_FS)
    i.STORAGE_Read_FS                        0x08002b66   Section        0  usbd_storage_if.o(i.STORAGE_Read_FS)
    STORAGE_Read_FS                          0x08002b67   Thumb Code    44  usbd_storage_if.o(i.STORAGE_Read_FS)
    i.STORAGE_Write_FS                       0x08002b92   Section        0  usbd_storage_if.o(i.STORAGE_Write_FS)
    STORAGE_Write_FS                         0x08002b93   Thumb Code    44  usbd_storage_if.o(i.STORAGE_Write_FS)
    i.SVC_Handler                            0x08002bbe   Section        0  stm32f1xx_it.o(i.SVC_Handler)
    i.SysTick_Handler                        0x08002bc0   Section        0  stm32f1xx_it.o(i.SysTick_Handler)
    i.SystemClock_Config                     0x08002bc4   Section        0  main.o(i.SystemClock_Config)
    i.SystemInit                             0x08002c70   Section        0  system_stm32f1xx.o(i.SystemInit)
    i.USBD_ClrClassConfig                    0x08002cb8   Section        0  usbd_core.o(i.USBD_ClrClassConfig)
    i.USBD_ClrFeature                        0x08002cc6   Section        0  usbd_ctlreq.o(i.USBD_ClrFeature)
    USBD_ClrFeature                          0x08002cc7   Thumb Code    38  usbd_ctlreq.o(i.USBD_ClrFeature)
    i.USBD_CtlContinueRx                     0x08002cec   Section        0  usbd_ioreq.o(i.USBD_CtlContinueRx)
    i.USBD_CtlContinueSendData               0x08002cfc   Section        0  usbd_ioreq.o(i.USBD_CtlContinueSendData)
    i.USBD_CtlError                          0x08002d0c   Section        0  usbd_ctlreq.o(i.USBD_CtlError)
    i.USBD_CtlReceiveStatus                  0x08002d24   Section        0  usbd_ioreq.o(i.USBD_CtlReceiveStatus)
    i.USBD_CtlSendData                       0x08002d3a   Section        0  usbd_ioreq.o(i.USBD_CtlSendData)
    i.USBD_CtlSendStatus                     0x08002d54   Section        0  usbd_ioreq.o(i.USBD_CtlSendStatus)
    i.USBD_FS_ConfigStrDescriptor            0x08002d6c   Section        0  usbd_desc.o(i.USBD_FS_ConfigStrDescriptor)
    i.USBD_FS_DeviceDescriptor               0x08002d8c   Section        0  usbd_desc.o(i.USBD_FS_DeviceDescriptor)
    i.USBD_FS_InterfaceStrDescriptor         0x08002d98   Section        0  usbd_desc.o(i.USBD_FS_InterfaceStrDescriptor)
    i.USBD_FS_LangIDStrDescriptor            0x08002dbc   Section        0  usbd_desc.o(i.USBD_FS_LangIDStrDescriptor)
    i.USBD_FS_ManufacturerStrDescriptor      0x08002dc8   Section        0  usbd_desc.o(i.USBD_FS_ManufacturerStrDescriptor)
    i.USBD_FS_ProductStrDescriptor           0x08002df0   Section        0  usbd_desc.o(i.USBD_FS_ProductStrDescriptor)
    i.USBD_FS_SerialStrDescriptor            0x08002e18   Section        0  usbd_desc.o(i.USBD_FS_SerialStrDescriptor)
    i.USBD_GetConfig                         0x08002e50   Section        0  usbd_ctlreq.o(i.USBD_GetConfig)
    USBD_GetConfig                           0x08002e51   Thumb Code    52  usbd_ctlreq.o(i.USBD_GetConfig)
    i.USBD_GetDescriptor                     0x08002e84   Section        0  usbd_ctlreq.o(i.USBD_GetDescriptor)
    USBD_GetDescriptor                       0x08002e85   Thumb Code   426  usbd_ctlreq.o(i.USBD_GetDescriptor)
    i.USBD_GetLen                            0x0800302e   Section        0  usbd_ctlreq.o(i.USBD_GetLen)
    USBD_GetLen                              0x0800302f   Thumb Code    24  usbd_ctlreq.o(i.USBD_GetLen)
    i.USBD_GetStatus                         0x08003046   Section        0  usbd_ctlreq.o(i.USBD_GetStatus)
    USBD_GetStatus                           0x08003047   Thumb Code    54  usbd_ctlreq.o(i.USBD_GetStatus)
    i.USBD_GetString                         0x0800307c   Section        0  usbd_ctlreq.o(i.USBD_GetString)
    i.USBD_Get_USB_Status                    0x080030c0   Section        0  usbd_conf.o(i.USBD_Get_USB_Status)
    USBD_Get_USB_Status                      0x080030c1   Thumb Code    24  usbd_conf.o(i.USBD_Get_USB_Status)
    i.USBD_Init                              0x080030d8   Section        0  usbd_core.o(i.USBD_Init)
    i.USBD_LL_ClearStallEP                   0x08003104   Section        0  usbd_conf.o(i.USBD_LL_ClearStallEP)
    i.USBD_LL_CloseEP                        0x08003116   Section        0  usbd_conf.o(i.USBD_LL_CloseEP)
    i.USBD_LL_DataInStage                    0x08003128   Section        0  usbd_core.o(i.USBD_LL_DataInStage)
    i.USBD_LL_DataOutStage                   0x080031fe   Section        0  usbd_core.o(i.USBD_LL_DataOutStage)
    i.USBD_LL_FlushEP                        0x08003288   Section        0  usbd_conf.o(i.USBD_LL_FlushEP)
    i.USBD_LL_GetRxDataSize                  0x0800329a   Section        0  usbd_conf.o(i.USBD_LL_GetRxDataSize)
    i.USBD_LL_Init                           0x080032a4   Section        0  usbd_conf.o(i.USBD_LL_Init)
    i.USBD_LL_IsStallEP                      0x08003314   Section        0  usbd_conf.o(i.USBD_LL_IsStallEP)
    i.USBD_LL_OpenEP                         0x08003334   Section        0  usbd_conf.o(i.USBD_LL_OpenEP)
    i.USBD_LL_PrepareReceive                 0x0800334c   Section        0  usbd_conf.o(i.USBD_LL_PrepareReceive)
    i.USBD_LL_Reset                          0x0800335e   Section        0  usbd_core.o(i.USBD_LL_Reset)
    i.USBD_LL_Resume                         0x080033b0   Section        0  usbd_core.o(i.USBD_LL_Resume)
    i.USBD_LL_SOF                            0x080033c4   Section        0  usbd_core.o(i.USBD_LL_SOF)
    i.USBD_LL_SetSpeed                       0x080033dc   Section        0  usbd_core.o(i.USBD_LL_SetSpeed)
    i.USBD_LL_SetUSBAddress                  0x080033e2   Section        0  usbd_conf.o(i.USBD_LL_SetUSBAddress)
    i.USBD_LL_SetupStage                     0x080033f4   Section        0  usbd_core.o(i.USBD_LL_SetupStage)
    i.USBD_LL_StallEP                        0x08003452   Section        0  usbd_conf.o(i.USBD_LL_StallEP)
    i.USBD_LL_Start                          0x08003464   Section        0  usbd_conf.o(i.USBD_LL_Start)
    i.USBD_LL_Suspend                        0x08003476   Section        0  usbd_core.o(i.USBD_LL_Suspend)
    i.USBD_LL_Transmit                       0x08003488   Section        0  usbd_conf.o(i.USBD_LL_Transmit)
    i.USBD_MSC_DataIn                        0x0800349a   Section        0  usbd_msc.o(i.USBD_MSC_DataIn)
    i.USBD_MSC_DataOut                       0x080034a4   Section        0  usbd_msc.o(i.USBD_MSC_DataOut)
    i.USBD_MSC_DeInit                        0x080034ae   Section        0  usbd_msc.o(i.USBD_MSC_DeInit)
    i.USBD_MSC_GetDeviceQualifierDescriptor  0x080034e4   Section        0  usbd_msc.o(i.USBD_MSC_GetDeviceQualifierDescriptor)
    i.USBD_MSC_GetFSCfgDesc                  0x080034f0   Section        0  usbd_msc.o(i.USBD_MSC_GetFSCfgDesc)
    i.USBD_MSC_GetHSCfgDesc                  0x080034fc   Section        0  usbd_msc.o(i.USBD_MSC_GetHSCfgDesc)
    i.USBD_MSC_GetOtherSpeedCfgDesc          0x08003508   Section        0  usbd_msc.o(i.USBD_MSC_GetOtherSpeedCfgDesc)
    i.USBD_MSC_Init                          0x08003514   Section        0  usbd_msc.o(i.USBD_MSC_Init)
    i.USBD_MSC_RegisterStorage               0x0800357e   Section        0  usbd_msc.o(i.USBD_MSC_RegisterStorage)
    i.USBD_MSC_Setup                         0x0800358a   Section        0  usbd_msc.o(i.USBD_MSC_Setup)
    i.USBD_ParseSetupRequest                 0x08003728   Section        0  usbd_ctlreq.o(i.USBD_ParseSetupRequest)
    i.USBD_RegisterClass                     0x08003750   Section        0  usbd_core.o(i.USBD_RegisterClass)
    i.USBD_RunTestMode                       0x08003762   Section        0  usbd_core.o(i.USBD_RunTestMode)
    i.USBD_SetAddress                        0x08003766   Section        0  usbd_ctlreq.o(i.USBD_SetAddress)
    USBD_SetAddress                          0x08003767   Thumb Code    88  usbd_ctlreq.o(i.USBD_SetAddress)
    i.USBD_SetClassConfig                    0x080037be   Section        0  usbd_core.o(i.USBD_SetClassConfig)
    i.USBD_SetConfig                         0x080037d8   Section        0  usbd_ctlreq.o(i.USBD_SetConfig)
    USBD_SetConfig                           0x080037d9   Thumb Code   198  usbd_ctlreq.o(i.USBD_SetConfig)
    i.USBD_SetFeature                        0x080038a4   Section        0  usbd_ctlreq.o(i.USBD_SetFeature)
    USBD_SetFeature                          0x080038a5   Thumb Code    16  usbd_ctlreq.o(i.USBD_SetFeature)
    i.USBD_Start                             0x080038b4   Section        0  usbd_core.o(i.USBD_Start)
    i.USBD_StdDevReq                         0x080038be   Section        0  usbd_ctlreq.o(i.USBD_StdDevReq)
    i.USBD_StdEPReq                          0x0800393e   Section        0  usbd_ctlreq.o(i.USBD_StdEPReq)
    i.USBD_StdItfReq                         0x08003b2e   Section        0  usbd_ctlreq.o(i.USBD_StdItfReq)
    i.USBD_static_free                       0x08003b98   Section        0  usbd_conf.o(i.USBD_static_free)
    i.USBD_static_malloc                     0x08003b9c   Section        0  usbd_conf.o(i.USBD_static_malloc)
    i.USB_ActivateEndpoint                   0x08003ba4   Section        0  stm32f1xx_ll_usb.o(i.USB_ActivateEndpoint)
    i.USB_CoreInit                           0x08003dfc   Section        0  stm32f1xx_ll_usb.o(i.USB_CoreInit)
    i.USB_DeactivateEndpoint                 0x08003e00   Section        0  stm32f1xx_ll_usb.o(i.USB_DeactivateEndpoint)
    i.USB_DevConnect                         0x08003f0e   Section        0  stm32f1xx_ll_usb.o(i.USB_DevConnect)
    i.USB_DevDisconnect                      0x08003f12   Section        0  stm32f1xx_ll_usb.o(i.USB_DevDisconnect)
    i.USB_DevInit                            0x08003f16   Section        0  stm32f1xx_ll_usb.o(i.USB_DevInit)
    i.USB_DisableGlobalInt                   0x08003f28   Section        0  stm32f1xx_ll_usb.o(i.USB_DisableGlobalInt)
    i.USB_EP0_OutStart                       0x08003f36   Section        0  stm32f1xx_ll_usb.o(i.USB_EP0_OutStart)
    i.USB_EPClearStall                       0x08003f3a   Section        0  stm32f1xx_ll_usb.o(i.USB_EPClearStall)
    i.USB_EPSetStall                         0x08003fb2   Section        0  stm32f1xx_ll_usb.o(i.USB_EPSetStall)
    i.USB_EPStartXfer                        0x08003fe4   Section        0  stm32f1xx_ll_usb.o(i.USB_EPStartXfer)
    i.USB_EnableGlobalInt                    0x080045f0   Section        0  stm32f1xx_ll_usb.o(i.USB_EnableGlobalInt)
    i.USB_FlushRxFifo                        0x08004602   Section        0  stm32f1xx_ll_usb.o(i.USB_FlushRxFifo)
    i.USB_FlushTxFifo                        0x08004606   Section        0  stm32f1xx_ll_usb.o(i.USB_FlushTxFifo)
    i.USB_LP_CAN1_RX0_IRQHandler             0x0800460c   Section        0  stm32f1xx_it.o(i.USB_LP_CAN1_RX0_IRQHandler)
    i.USB_ReadInterrupts                     0x08004618   Section        0  stm32f1xx_ll_usb.o(i.USB_ReadInterrupts)
    i.USB_ReadPMA                            0x08004620   Section        0  stm32f1xx_ll_usb.o(i.USB_ReadPMA)
    i.USB_SetCurrentMode                     0x0800464c   Section        0  stm32f1xx_ll_usb.o(i.USB_SetCurrentMode)
    i.USB_SetDevAddress                      0x08004650   Section        0  stm32f1xx_ll_usb.o(i.USB_SetDevAddress)
    i.USB_WritePMA                           0x0800465c   Section        0  stm32f1xx_ll_usb.o(i.USB_WritePMA)
    i.UsageFault_Handler                     0x08004682   Section        0  stm32f1xx_it.o(i.UsageFault_Handler)
    i.__NVIC_SetPriority                     0x08004684   Section        0  stm32f1xx_hal_cortex.o(i.__NVIC_SetPriority)
    __NVIC_SetPriority                       0x08004685   Thumb Code    32  stm32f1xx_hal_cortex.o(i.__NVIC_SetPriority)
    i.__scatterload_copy                     0x080046a4   Section       14  handlers.o(i.__scatterload_copy)
    i.__scatterload_null                     0x080046b2   Section        2  handlers.o(i.__scatterload_null)
    i.__scatterload_zeroinit                 0x080046b4   Section       14  handlers.o(i.__scatterload_zeroinit)
    i._fat32_read_dir_entry                  0x080046c4   Section        0  fat32.o(i._fat32_read_dir_entry)
    _fat32_read_dir_entry                    0x080046c5   Thumb Code   112  fat32.o(i._fat32_read_dir_entry)
    i._fat32_read_fat_table                  0x0800474c   Section        0  fat32.o(i._fat32_read_fat_table)
    _fat32_read_fat_table                    0x0800474d   Thumb Code   112  fat32.o(i._fat32_read_fat_table)
    i._fat32_write_firmware                  0x080047c4   Section        0  fat32.o(i._fat32_write_firmware)
    _fat32_write_firmware                    0x080047c5   Thumb Code   290  fat32.o(i._fat32_write_firmware)
    i.crypt_decrypt                          0x080048f0   Section        0  crypt.o(i.crypt_decrypt)
    i.fat32_read                             0x08004918   Section        0  fat32.o(i.fat32_read)
    i.fat32_write                            0x080049d8   Section        0  fat32.o(i.fat32_write)
    i.gen_iv_by_lfsr                         0x08004a2c   Section        0  crypt.o(i.gen_iv_by_lfsr)
    gen_iv_by_lfsr                           0x08004a2d   Thumb Code   166  crypt.o(i.gen_iv_by_lfsr)
    i.ihex_is_crypt_mode                     0x08004ad8   Section        0  ihex_parser.o(i.ihex_is_crypt_mode)
    i.ihex_parser                            0x08004ae4   Section        0  ihex_parser.o(i.ihex_parser)
    i.ihex_reset_state                       0x08004c88   Section        0  ihex_parser.o(i.ihex_reset_state)
    i.ihex_set_callback_func                 0x08004ca0   Section        0  ihex_parser.o(i.ihex_set_callback_func)
    i.jmp_to_appcode                         0x08004cac   Section        0  main.o(i.jmp_to_appcode)
    i.main                                   0x08004cd0   Section        0  main.o(i.main)
    i.ssd1306_I2C_Init                       0x08004d84   Section        0  ssd1306.o(i.ssd1306_I2C_Init)
    i.ssd1306_I2C_Write                      0x08004d90   Section        0  ssd1306.o(i.ssd1306_I2C_Write)
    i.ssd1306_I2C_WriteMulti                 0x08004db0   Section        0  ssd1306.o(i.ssd1306_I2C_WriteMulti)
    .constdata                               0x08004de8   Section       90  fat32.o(.constdata)
    FAT32_MBR_DATA0                          0x08004de8   Data          90  fat32.o(.constdata)
    .constdata                               0x08004e42   Section       48  crypt.o(.constdata)
    AES_INIT_IV                              0x08004e42   Data          16  crypt.o(.constdata)
    AES_KEY                                  0x08004e52   Data          32  crypt.o(.constdata)
    .constdata                               0x08004e72   Section      267  aes.o(.constdata)
    sbox                                     0x08004e72   Data         256  aes.o(.constdata)
    Rcon                                     0x08004f72   Data          11  aes.o(.constdata)
    .constdata                               0x08004f7e   Section     3420  fonts.o(.constdata)
    .constdata                               0x08005cda   Section       36  usbd_storage_if.o(.constdata)
    .constdata                               0x08005cfe   Section        8  system_stm32f1xx.o(.constdata)
    .constdata                               0x08005d06   Section        7  usbd_msc_data.o(.constdata)
    .constdata                               0x08005d0d   Section        8  usbd_msc_data.o(.constdata)
    .constdata                               0x08005d15   Section        8  usbd_msc_data.o(.constdata)
    .data                                    0x20000000   Section       20  ihex_parser.o(.data)
    ex_segment_addr_mode                     0x20000000   Data           1  ihex_parser.o(.data)
    calc_cs_toogle                           0x20000001   Data           1  ihex_parser.o(.data)
    crypt_mode                               0x20000002   Data           1  ihex_parser.o(.data)
    ihex_eof_trig                            0x20000003   Data           1  ihex_parser.o(.data)
    state                                    0x20000004   Data           1  ihex_parser.o(.data)
    byte_count                               0x20000005   Data           1  ihex_parser.o(.data)
    record_type                              0x20000006   Data           1  ihex_parser.o(.data)
    temp_cs                                  0x20000007   Data           1  ihex_parser.o(.data)
    calc_cs                                  0x20000008   Data           1  ihex_parser.o(.data)
    address_lo                               0x2000000a   Data           2  ihex_parser.o(.data)
    address_hi                               0x2000000c   Data           2  ihex_parser.o(.data)
    data_size_in_nibble                      0x2000000e   Data           2  ihex_parser.o(.data)
    callback_fp                              0x20000010   Data           4  ihex_parser.o(.data)
    .data                                    0x20000014   Section        8  fonts.o(.data)
    .data                                    0x2000001c   Section        6  ssd1306.o(.data)
    SSD1306                                  0x2000001c   Data           6  ssd1306.o(.data)
    .data                                    0x20000024   Section       28  usbd_desc.o(.data)
    .data                                    0x20000040   Section       50  usbd_desc.o(.data)
    .data                                    0x20000074   Section       32  usbd_storage_if.o(.data)
    .data                                    0x20000094   Section       12  stm32f1xx_hal.o(.data)
    .data                                    0x200000a0   Section        4  system_stm32f1xx.o(.data)
    .data                                    0x200000a4   Section        1  usbd_ctlreq.o(.data)
    cfgidx                                   0x200000a4   Data           1  usbd_ctlreq.o(.data)
    .data                                    0x200000a8   Section       56  usbd_msc.o(.data)
    .data                                    0x200000e0   Section      106  usbd_msc.o(.data)
    .bss                                     0x2000014c   Section      255  ihex_parser.o(.bss)
    data                                     0x2000014c   Data         255  ihex_parser.o(.bss)
    .bss                                     0x2000024b   Section      256  crypt.o(.bss)
    ctx                                      0x2000024b   Data         256  crypt.o(.bss)
    .bss                                     0x2000034b   Section     1024  ssd1306.o(.bss)
    SSD1306_Buffer                           0x2000034b   Data        1024  ssd1306.o(.bss)
    .bss                                     0x2000074c   Section       84  main.o(.bss)
    .bss                                     0x200007a0   Section      708  usb_device.o(.bss)
    .bss                                     0x20000a64   Section     1372  usbd_conf.o(.bss)
    mem                                      0x20000a64   Data         624  usbd_conf.o(.bss)
    .bss                                     0x20000fc0   Section      512  usbd_desc.o(.bss)
    .bss                                     0x200011c0   Section       32  stm32f1xx_hal_flash.o(.bss)
    STACK                                    0x200011e0   Section     1024  startup_stm32f103xb.o(STACK)

    Global Symbols

    Symbol Name                              Value     Ov Type        Size  Object(Section)

    BuildAttributes$$THM_ISAv4$P$D$K$B$S$PE$A:L22UL41UL21$X:L11$S22US41US21$IEEE1$IW$USESV6$~STKCKD$USESV7$~SHL$OTIME$EBA8$MICROLIB$REQ8$PRES8$EABIv2 0x00000000   Number         0  anon$$obj.o ABSOLUTE
    __ARM_use_no_argv                        0x00000000   Number         0  main.o ABSOLUTE
    __arm_fini_                               - Undefined Weak Reference
    __cpp_initialize__aeabi_                  - Undefined Weak Reference
    __cxa_finalize                            - Undefined Weak Reference
    _clock_init                               - Undefined Weak Reference
    _microlib_exit                            - Undefined Weak Reference
    __Vectors_Size                           0x000000ec   Number         0  startup_stm32f103xb.o ABSOLUTE
    __Vectors                                0x08000000   Data           4  startup_stm32f103xb.o(RESET)
    __Vectors_End                            0x080000ec   Data           0  startup_stm32f103xb.o(RESET)
    __main                                   0x080000ed   Thumb Code     0  entry.o(.ARM.Collect$$$$00000000)
    _main_stk                                0x080000ed   Thumb Code     0  entry2.o(.ARM.Collect$$$$00000001)
    _main_scatterload                        0x080000f1   Thumb Code     0  entry5.o(.ARM.Collect$$$$00000004)
    __main_after_scatterload                 0x080000f5   Thumb Code     0  entry5.o(.ARM.Collect$$$$00000004)
    _main_clock                              0x080000f5   Thumb Code     0  entry7b.o(.ARM.Collect$$$$00000008)
    _main_cpp_init                           0x080000f5   Thumb Code     0  entry8b.o(.ARM.Collect$$$$0000000A)
    _main_init                               0x080000f5   Thumb Code     0  entry9a.o(.ARM.Collect$$$$0000000B)
    __rt_lib_shutdown_fini                   0x080000fd   Thumb Code     0  entry12b.o(.ARM.Collect$$$$0000000E)
    __rt_final_cpp                           0x08000101   Thumb Code     0  entry10a.o(.ARM.Collect$$$$0000000F)
    __rt_final_exit                          0x08000101   Thumb Code     0  entry11a.o(.ARM.Collect$$$$00000011)
    Reset_Handler                            0x08000105   Thumb Code     8  startup_stm32f103xb.o(.text)
    ADC1_2_IRQHandler                        0x0800011f   Thumb Code     0  startup_stm32f103xb.o(.text)
    CAN1_RX1_IRQHandler                      0x0800011f   Thumb Code     0  startup_stm32f103xb.o(.text)
    CAN1_SCE_IRQHandler                      0x0800011f   Thumb Code     0  startup_stm32f103xb.o(.text)
    DMA1_Channel1_IRQHandler                 0x0800011f   Thumb Code     0  startup_stm32f103xb.o(.text)
    DMA1_Channel2_IRQHandler                 0x0800011f   Thumb Code     0  startup_stm32f103xb.o(.text)
    DMA1_Channel3_IRQHandler                 0x0800011f   Thumb Code     0  startup_stm32f103xb.o(.text)
    DMA1_Channel4_IRQHandler                 0x0800011f   Thumb Code     0  startup_stm32f103xb.o(.text)
    DMA1_Channel5_IRQHandler                 0x0800011f   Thumb Code     0  startup_stm32f103xb.o(.text)
    DMA1_Channel6_IRQHandler                 0x0800011f   Thumb Code     0  startup_stm32f103xb.o(.text)
    DMA1_Channel7_IRQHandler                 0x0800011f   Thumb Code     0  startup_stm32f103xb.o(.text)
    EXTI0_IRQHandler                         0x0800011f   Thumb Code     0  startup_stm32f103xb.o(.text)
    EXTI15_10_IRQHandler                     0x0800011f   Thumb Code     0  startup_stm32f103xb.o(.text)
    EXTI1_IRQHandler                         0x0800011f   Thumb Code     0  startup_stm32f103xb.o(.text)
    EXTI2_IRQHandler                         0x0800011f   Thumb Code     0  startup_stm32f103xb.o(.text)
    EXTI3_IRQHandler                         0x0800011f   Thumb Code     0  startup_stm32f103xb.o(.text)
    EXTI4_IRQHandler                         0x0800011f   Thumb Code     0  startup_stm32f103xb.o(.text)
    EXTI9_5_IRQHandler                       0x0800011f   Thumb Code     0  startup_stm32f103xb.o(.text)
    FLASH_IRQHandler                         0x0800011f   Thumb Code     0  startup_stm32f103xb.o(.text)
    I2C1_ER_IRQHandler                       0x0800011f   Thumb Code     0  startup_stm32f103xb.o(.text)
    I2C1_EV_IRQHandler                       0x0800011f   Thumb Code     0  startup_stm32f103xb.o(.text)
    I2C2_ER_IRQHandler                       0x0800011f   Thumb Code     0  startup_stm32f103xb.o(.text)
    I2C2_EV_IRQHandler                       0x0800011f   Thumb Code     0  startup_stm32f103xb.o(.text)
    PVD_IRQHandler                           0x0800011f   Thumb Code     0  startup_stm32f103xb.o(.text)
    RCC_IRQHandler                           0x0800011f   Thumb Code     0  startup_stm32f103xb.o(.text)
    RTC_Alarm_IRQHandler                     0x0800011f   Thumb Code     0  startup_stm32f103xb.o(.text)
    RTC_IRQHandler                           0x0800011f   Thumb Code     0  startup_stm32f103xb.o(.text)
    SPI1_IRQHandler                          0x0800011f   Thumb Code     0  startup_stm32f103xb.o(.text)
    SPI2_IRQHandler                          0x0800011f   Thumb Code     0  startup_stm32f103xb.o(.text)
    TAMPER_IRQHandler                        0x0800011f   Thumb Code     0  startup_stm32f103xb.o(.text)
    TIM1_BRK_IRQHandler                      0x0800011f   Thumb Code     0  startup_stm32f103xb.o(.text)
    TIM1_CC_IRQHandler                       0x0800011f   Thumb Code     0  startup_stm32f103xb.o(.text)
    TIM1_TRG_COM_IRQHandler                  0x0800011f   Thumb Code     0  startup_stm32f103xb.o(.text)
    TIM1_UP_IRQHandler                       0x0800011f   Thumb Code     0  startup_stm32f103xb.o(.text)
    TIM2_IRQHandler                          0x0800011f   Thumb Code     0  startup_stm32f103xb.o(.text)
    TIM3_IRQHandler                          0x0800011f   Thumb Code     0  startup_stm32f103xb.o(.text)
    TIM4_IRQHandler                          0x0800011f   Thumb Code     0  startup_stm32f103xb.o(.text)
    USART1_IRQHandler                        0x0800011f   Thumb Code     0  startup_stm32f103xb.o(.text)
    USART2_IRQHandler                        0x0800011f   Thumb Code     0  startup_stm32f103xb.o(.text)
    USART3_IRQHandler                        0x0800011f   Thumb Code     0  startup_stm32f103xb.o(.text)
    USBWakeUp_IRQHandler                     0x0800011f   Thumb Code     0  startup_stm32f103xb.o(.text)
    USB_HP_CAN1_TX_IRQHandler                0x0800011f   Thumb Code     0  startup_stm32f103xb.o(.text)
    WWDG_IRQHandler                          0x0800011f   Thumb Code     0  startup_stm32f103xb.o(.text)
    __aeabi_llsr                             0x08000129   Thumb Code    32  llushr.o(.text)
    _ll_ushift_r                             0x08000129   Thumb Code     0  llushr.o(.text)
    __aeabi_memcpy                           0x08000149   Thumb Code    36  memcpya.o(.text)
    __aeabi_memcpy4                          0x08000149   Thumb Code     0  memcpya.o(.text)
    __aeabi_memcpy8                          0x08000149   Thumb Code     0  memcpya.o(.text)
    __aeabi_memset                           0x0800016d   Thumb Code    14  memseta.o(.text)
    __aeabi_memset4                          0x0800016d   Thumb Code     0  memseta.o(.text)
    __aeabi_memset8                          0x0800016d   Thumb Code     0  memseta.o(.text)
    __aeabi_memclr                           0x0800017b   Thumb Code     4  memseta.o(.text)
    __aeabi_memclr4                          0x0800017b   Thumb Code     0  memseta.o(.text)
    __aeabi_memclr8                          0x0800017b   Thumb Code     0  memseta.o(.text)
    _memset$wrapper                          0x0800017f   Thumb Code    18  memseta.o(.text)
    __scatterload                            0x08000191   Thumb Code    28  init.o(.text)
    __scatterload_rt2                        0x08000191   Thumb Code     0  init.o(.text)
    __decompress                             0x080001b5   Thumb Code     0  __dczerorl2.o(.text)
    __decompress1                            0x080001b5   Thumb Code    86  __dczerorl2.o(.text)
    AES_CTR_xcrypt_buffer                    0x0800020b   Thumb Code    72  aes.o(i.AES_CTR_xcrypt_buffer)
    AES_ctx_set_iv                           0x08000253   Thumb Code     8  aes.o(i.AES_ctx_set_iv)
    BusFault_Handler                         0x0800028b   Thumb Code     2  stm32f1xx_it.o(i.BusFault_Handler)
    DebugMon_Handler                         0x08000321   Thumb Code     2  stm32f1xx_it.o(i.DebugMon_Handler)
    Error_Handler                            0x08000323   Thumb Code     2  main.o(i.Error_Handler)
    FLASH_PageErase                          0x08000349   Thumb Code    28  stm32f1xx_hal_flash_ex.o(i.FLASH_PageErase)
    FLASH_WaitForLastOperation               0x080003e5   Thumb Code    80  stm32f1xx_hal_flash.o(i.FLASH_WaitForLastOperation)
    GenNewIV                                 0x08000439   Thumb Code    88  aes.o(i.GenNewIV)
    HAL_DeInit                               0x08000491   Thumb Code    26  stm32f1xx_hal.o(i.HAL_DeInit)
    HAL_FLASHEx_Erase                        0x080004b1   Thumb Code   160  stm32f1xx_hal_flash_ex.o(i.HAL_FLASHEx_Erase)
    HAL_FLASH_Lock                           0x08000559   Thumb Code    14  stm32f1xx_hal_flash.o(i.HAL_FLASH_Lock)
    HAL_FLASH_Program                        0x0800056d   Thumb Code   120  stm32f1xx_hal_flash.o(i.HAL_FLASH_Program)
    HAL_FLASH_Unlock                         0x080005ed   Thumb Code    28  stm32f1xx_hal_flash.o(i.HAL_FLASH_Unlock)
    HAL_GPIO_Init                            0x08000615   Thumb Code   446  stm32f1xx_hal_gpio.o(i.HAL_GPIO_Init)
    HAL_GetTick                              0x080007f5   Thumb Code     6  stm32f1xx_hal.o(i.HAL_GetTick)
    HAL_I2C_Init                             0x08000801   Thumb Code   376  stm32f1xx_hal_i2c.o(i.HAL_I2C_Init)
    HAL_I2C_IsDeviceReady                    0x08000989   Thumb Code   354  stm32f1xx_hal_i2c.o(i.HAL_I2C_IsDeviceReady)
    HAL_I2C_Master_Transmit                  0x08000af5   Thumb Code   290  stm32f1xx_hal_i2c.o(i.HAL_I2C_Master_Transmit)
    HAL_I2C_MspInit                          0x08000c21   Thumb Code    80  stm32f1xx_hal_msp.o(i.HAL_I2C_MspInit)
    HAL_IncTick                              0x08000c7d   Thumb Code    12  stm32f1xx_hal.o(i.HAL_IncTick)
    HAL_Init                                 0x08000c8d   Thumb Code    32  stm32f1xx_hal.o(i.HAL_Init)
    HAL_InitTick                             0x08000cb1   Thumb Code    54  stm32f1xx_hal.o(i.HAL_InitTick)
    HAL_MspDeInit                            0x08000cf1   Thumb Code     2  stm32f1xx_hal.o(i.HAL_MspDeInit)
    HAL_MspInit                              0x08000cf5   Thumb Code    52  stm32f1xx_hal_msp.o(i.HAL_MspInit)
    HAL_NVIC_EnableIRQ                       0x08000d31   Thumb Code    26  stm32f1xx_hal_cortex.o(i.HAL_NVIC_EnableIRQ)
    HAL_NVIC_SetPriority                     0x08000d4d   Thumb Code    60  stm32f1xx_hal_cortex.o(i.HAL_NVIC_SetPriority)
    HAL_NVIC_SetPriorityGrouping             0x08000d8d   Thumb Code    26  stm32f1xx_hal_cortex.o(i.HAL_NVIC_SetPriorityGrouping)
    HAL_PCDEx_PMAConfig                      0x08000db1   Thumb Code    60  stm32f1xx_hal_pcd_ex.o(i.HAL_PCDEx_PMAConfig)
    HAL_PCDEx_SetConnectionState             0x08000ded   Thumb Code     2  usbd_conf.o(i.HAL_PCDEx_SetConnectionState)
    HAL_PCD_DataInStageCallback              0x08000def   Thumb Code    18  usbd_conf.o(i.HAL_PCD_DataInStageCallback)
    HAL_PCD_DataOutStageCallback             0x08000e01   Thumb Code    20  usbd_conf.o(i.HAL_PCD_DataOutStageCallback)
    HAL_PCD_EP_Close                         0x08000e15   Thumb Code    76  stm32f1xx_hal_pcd.o(i.HAL_PCD_EP_Close)
    HAL_PCD_EP_ClrStall                      0x08000e61   Thumb Code    92  stm32f1xx_hal_pcd.o(i.HAL_PCD_EP_ClrStall)
    HAL_PCD_EP_Flush                         0x080012d3   Thumb Code    52  stm32f1xx_hal_pcd.o(i.HAL_PCD_EP_Flush)
    HAL_PCD_EP_GetRxCount                    0x08001307   Thumb Code    18  stm32f1xx_hal_pcd.o(i.HAL_PCD_EP_GetRxCount)
    HAL_PCD_EP_Open                          0x08001319   Thumb Code    96  stm32f1xx_hal_pcd.o(i.HAL_PCD_EP_Open)
    HAL_PCD_EP_Receive                       0x08001379   Thumb Code    50  stm32f1xx_hal_pcd.o(i.HAL_PCD_EP_Receive)
    HAL_PCD_EP_SetStall                      0x080013ab   Thumb Code   114  stm32f1xx_hal_pcd.o(i.HAL_PCD_EP_SetStall)
    HAL_PCD_EP_Transmit                      0x0800141d   Thumb Code    52  stm32f1xx_hal_pcd.o(i.HAL_PCD_EP_Transmit)
    HAL_PCD_IRQHandler                       0x08001451   Thumb Code   340  stm32f1xx_hal_pcd.o(i.HAL_PCD_IRQHandler)
    HAL_PCD_Init                             0x080015a5   Thumb Code   218  stm32f1xx_hal_pcd.o(i.HAL_PCD_Init)
    HAL_PCD_MspInit                          0x08001681   Thumb Code    50  usbd_conf.o(i.HAL_PCD_MspInit)
    HAL_PCD_ResetCallback                    0x080016bd   Thumb Code    38  usbd_conf.o(i.HAL_PCD_ResetCallback)
    HAL_PCD_ResumeCallback                   0x080016e3   Thumb Code     8  usbd_conf.o(i.HAL_PCD_ResumeCallback)
    HAL_PCD_SOFCallback                      0x080016eb   Thumb Code     8  usbd_conf.o(i.HAL_PCD_SOFCallback)
    HAL_PCD_SetAddress                       0x080016f3   Thumb Code    40  stm32f1xx_hal_pcd.o(i.HAL_PCD_SetAddress)
    HAL_PCD_SetupStageCallback               0x0800171b   Thumb Code    14  usbd_conf.o(i.HAL_PCD_SetupStageCallback)
    HAL_PCD_Start                            0x08001729   Thumb Code    50  stm32f1xx_hal_pcd.o(i.HAL_PCD_Start)
    HAL_PCD_SuspendCallback                  0x0800175d   Thumb Code    30  usbd_conf.o(i.HAL_PCD_SuspendCallback)
    HAL_RCC_GetPCLK1Freq                     0x08001781   Thumb Code    20  stm32f1xx_hal_rcc.o(i.HAL_RCC_GetPCLK1Freq)
    HAL_SYSTICK_Config                       0x080017a1   Thumb Code    40  stm32f1xx_hal_cortex.o(i.HAL_SYSTICK_Config)
    HardFault_Handler                        0x080017c9   Thumb Code     2  stm32f1xx_it.o(i.HardFault_Handler)
    LL_GPIO_Init                             0x08001a7d   Thumb Code   240  stm32f1xx_ll_gpio.o(i.LL_GPIO_Init)
    LL_SetSystemCoreClock                    0x08001b6d   Thumb Code     6  stm32f1xx_ll_utils.o(i.LL_SetSystemCoreClock)
    MSC_BOT_CplClrFeature                    0x08001c75   Thumb Code    44  usbd_msc_bot.o(i.MSC_BOT_CplClrFeature)
    MSC_BOT_DataIn                           0x08001ca1   Thumb Code    66  usbd_msc_bot.o(i.MSC_BOT_DataIn)
    MSC_BOT_DataOut                          0x08001ce3   Thumb Code    60  usbd_msc_bot.o(i.MSC_BOT_DataOut)
    MSC_BOT_DeInit                           0x08001d1f   Thumb Code    10  usbd_msc_bot.o(i.MSC_BOT_DeInit)
    MSC_BOT_Init                             0x08001d29   Thumb Code    66  usbd_msc_bot.o(i.MSC_BOT_Init)
    MSC_BOT_Reset                            0x08001d6b   Thumb Code    24  usbd_msc_bot.o(i.MSC_BOT_Reset)
    MSC_BOT_SendCSW                          0x08001d85   Thumb Code    54  usbd_msc_bot.o(i.MSC_BOT_SendCSW)
    MX_USB_DEVICE_Init                       0x08001dfd   Thumb Code    66  usb_device.o(i.MX_USB_DEVICE_Init)
    MemManage_Handler                        0x08001e51   Thumb Code     2  stm32f1xx_it.o(i.MemManage_Handler)
    NMI_Handler                              0x08001eef   Thumb Code     2  stm32f1xx_it.o(i.NMI_Handler)
    PendSV_Handler                           0x08002205   Thumb Code     2  stm32f1xx_it.o(i.PendSV_Handler)
    SCSI_ProcessCmd                          0x080022d1   Thumb Code   150  usbd_msc_scsi.o(i.SCSI_ProcessCmd)
    SCSI_SenseCode                           0x080026a7   Thumb Code    52  usbd_msc_scsi.o(i.SCSI_SenseCode)
    SSD1306_DrawPixel                        0x0800286d   Thumb Code    54  ssd1306.o(i.SSD1306_DrawPixel)
    SSD1306_Fill                             0x080028ad   Thumb Code    18  ssd1306.o(i.SSD1306_Fill)
    SSD1306_GotoXY                           0x080028c5   Thumb Code     8  ssd1306.o(i.SSD1306_GotoXY)
    SSD1306_Init                             0x080028d1   Thumb Code   350  ssd1306.o(i.SSD1306_Init)
    SSD1306_Putc                             0x08002a39   Thumb Code   156  ssd1306.o(i.SSD1306_Putc)
    SSD1306_Puts                             0x08002ad9   Thumb Code    40  ssd1306.o(i.SSD1306_Puts)
    SSD1306_UpdateScreen                     0x08002b01   Thumb Code    66  ssd1306.o(i.SSD1306_UpdateScreen)
    SVC_Handler                              0x08002bbf   Thumb Code     2  stm32f1xx_it.o(i.SVC_Handler)
    SysTick_Handler                          0x08002bc1   Thumb Code     4  stm32f1xx_it.o(i.SysTick_Handler)
    SystemClock_Config                       0x08002bc5   Thumb Code   160  main.o(i.SystemClock_Config)
    SystemInit                               0x08002c71   Thumb Code    56  system_stm32f1xx.o(i.SystemInit)
    USBD_ClrClassConfig                      0x08002cb9   Thumb Code    14  usbd_core.o(i.USBD_ClrClassConfig)
    USBD_CtlContinueRx                       0x08002ced   Thumb Code    16  usbd_ioreq.o(i.USBD_CtlContinueRx)
    USBD_CtlContinueSendData                 0x08002cfd   Thumb Code    16  usbd_ioreq.o(i.USBD_CtlContinueSendData)
    USBD_CtlError                            0x08002d0d   Thumb Code    24  usbd_ctlreq.o(i.USBD_CtlError)
    USBD_CtlReceiveStatus                    0x08002d25   Thumb Code    22  usbd_ioreq.o(i.USBD_CtlReceiveStatus)
    USBD_CtlSendData                         0x08002d3b   Thumb Code    26  usbd_ioreq.o(i.USBD_CtlSendData)
    USBD_CtlSendStatus                       0x08002d55   Thumb Code    22  usbd_ioreq.o(i.USBD_CtlSendStatus)
    USBD_FS_ConfigStrDescriptor              0x08002d6d   Thumb Code    16  usbd_desc.o(i.USBD_FS_ConfigStrDescriptor)
    USBD_FS_DeviceDescriptor                 0x08002d8d   Thumb Code     8  usbd_desc.o(i.USBD_FS_DeviceDescriptor)
    USBD_FS_InterfaceStrDescriptor           0x08002d99   Thumb Code    16  usbd_desc.o(i.USBD_FS_InterfaceStrDescriptor)
    USBD_FS_LangIDStrDescriptor              0x08002dbd   Thumb Code     8  usbd_desc.o(i.USBD_FS_LangIDStrDescriptor)
    USBD_FS_ManufacturerStrDescriptor        0x08002dc9   Thumb Code    16  usbd_desc.o(i.USBD_FS_ManufacturerStrDescriptor)
    USBD_FS_ProductStrDescriptor             0x08002df1   Thumb Code    16  usbd_desc.o(i.USBD_FS_ProductStrDescriptor)
    USBD_FS_SerialStrDescriptor              0x08002e19   Thumb Code    48  usbd_desc.o(i.USBD_FS_SerialStrDescriptor)
    USBD_GetString                           0x0800307d   Thumb Code    68  usbd_ctlreq.o(i.USBD_GetString)
    USBD_Init                                0x080030d9   Thumb Code    44  usbd_core.o(i.USBD_Init)
    USBD_LL_ClearStallEP                     0x08003105   Thumb Code    18  usbd_conf.o(i.USBD_LL_ClearStallEP)
    USBD_LL_CloseEP                          0x08003117   Thumb Code    18  usbd_conf.o(i.USBD_LL_CloseEP)
    USBD_LL_DataInStage                      0x08003129   Thumb Code   214  usbd_core.o(i.USBD_LL_DataInStage)
    USBD_LL_DataOutStage                     0x080031ff   Thumb Code   138  usbd_core.o(i.USBD_LL_DataOutStage)
    USBD_LL_FlushEP                          0x08003289   Thumb Code    18  usbd_conf.o(i.USBD_LL_FlushEP)
    USBD_LL_GetRxDataSize                    0x0800329b   Thumb Code     8  usbd_conf.o(i.USBD_LL_GetRxDataSize)
    USBD_LL_Init                             0x080032a5   Thumb Code   104  usbd_conf.o(i.USBD_LL_Init)
    USBD_LL_IsStallEP                        0x08003315   Thumb Code    32  usbd_conf.o(i.USBD_LL_IsStallEP)
    USBD_LL_OpenEP                           0x08003335   Thumb Code    24  usbd_conf.o(i.USBD_LL_OpenEP)
    USBD_LL_PrepareReceive                   0x0800334d   Thumb Code    18  usbd_conf.o(i.USBD_LL_PrepareReceive)
    USBD_LL_Reset                            0x0800335f   Thumb Code    82  usbd_core.o(i.USBD_LL_Reset)
    USBD_LL_Resume                           0x080033b1   Thumb Code    20  usbd_core.o(i.USBD_LL_Resume)
    USBD_LL_SOF                              0x080033c5   Thumb Code    24  usbd_core.o(i.USBD_LL_SOF)
    USBD_LL_SetSpeed                         0x080033dd   Thumb Code     6  usbd_core.o(i.USBD_LL_SetSpeed)
    USBD_LL_SetUSBAddress                    0x080033e3   Thumb Code    18  usbd_conf.o(i.USBD_LL_SetUSBAddress)
    USBD_LL_SetupStage                       0x080033f5   Thumb Code    94  usbd_core.o(i.USBD_LL_SetupStage)
    USBD_LL_StallEP                          0x08003453   Thumb Code    18  usbd_conf.o(i.USBD_LL_StallEP)
    USBD_LL_Start                            0x08003465   Thumb Code    18  usbd_conf.o(i.USBD_LL_Start)
    USBD_LL_Suspend                          0x08003477   Thumb Code    18  usbd_core.o(i.USBD_LL_Suspend)
    USBD_LL_Transmit                         0x08003489   Thumb Code    18  usbd_conf.o(i.USBD_LL_Transmit)
    USBD_MSC_DataIn                          0x0800349b   Thumb Code    10  usbd_msc.o(i.USBD_MSC_DataIn)
    USBD_MSC_DataOut                         0x080034a5   Thumb Code    10  usbd_msc.o(i.USBD_MSC_DataOut)
    USBD_MSC_DeInit                          0x080034af   Thumb Code    52  usbd_msc.o(i.USBD_MSC_DeInit)
    USBD_MSC_GetDeviceQualifierDescriptor    0x080034e5   Thumb Code     8  usbd_msc.o(i.USBD_MSC_GetDeviceQualifierDescriptor)
    USBD_MSC_GetFSCfgDesc                    0x080034f1   Thumb Code     8  usbd_msc.o(i.USBD_MSC_GetFSCfgDesc)
    USBD_MSC_GetHSCfgDesc                    0x080034fd   Thumb Code     8  usbd_msc.o(i.USBD_MSC_GetHSCfgDesc)
    USBD_MSC_GetOtherSpeedCfgDesc            0x08003509   Thumb Code     8  usbd_msc.o(i.USBD_MSC_GetOtherSpeedCfgDesc)
    USBD_MSC_Init                            0x08003515   Thumb Code   106  usbd_msc.o(i.USBD_MSC_Init)
    USBD_MSC_RegisterStorage                 0x0800357f   Thumb Code    12  usbd_msc.o(i.USBD_MSC_RegisterStorage)
    USBD_MSC_Setup                           0x0800358b   Thumb Code   414  usbd_msc.o(i.USBD_MSC_Setup)
    USBD_ParseSetupRequest                   0x08003729   Thumb Code    40  usbd_ctlreq.o(i.USBD_ParseSetupRequest)
    USBD_RegisterClass                       0x08003751   Thumb Code    18  usbd_core.o(i.USBD_RegisterClass)
    USBD_RunTestMode                         0x08003763   Thumb Code     4  usbd_core.o(i.USBD_RunTestMode)
    USBD_SetClassConfig                      0x080037bf   Thumb Code    24  usbd_core.o(i.USBD_SetClassConfig)
    USBD_Start                               0x080038b5   Thumb Code    10  usbd_core.o(i.USBD_Start)
    USBD_StdDevReq                           0x080038bf   Thumb Code   128  usbd_ctlreq.o(i.USBD_StdDevReq)
    USBD_StdEPReq                            0x0800393f   Thumb Code   496  usbd_ctlreq.o(i.USBD_StdEPReq)
    USBD_StdItfReq                           0x08003b2f   Thumb Code   106  usbd_ctlreq.o(i.USBD_StdItfReq)
    USBD_static_free                         0x08003b99   Thumb Code     2  usbd_conf.o(i.USBD_static_free)
    USBD_static_malloc                       0x08003b9d   Thumb Code     4  usbd_conf.o(i.USBD_static_malloc)
    USB_ActivateEndpoint                     0x08003ba5   Thumb Code   600  stm32f1xx_ll_usb.o(i.USB_ActivateEndpoint)
    USB_CoreInit                             0x08003dfd   Thumb Code     4  stm32f1xx_ll_usb.o(i.USB_CoreInit)
    USB_DeactivateEndpoint                   0x08003e01   Thumb Code   270  stm32f1xx_ll_usb.o(i.USB_DeactivateEndpoint)
    USB_DevConnect                           0x08003f0f   Thumb Code     4  stm32f1xx_ll_usb.o(i.USB_DevConnect)
    USB_DevDisconnect                        0x08003f13   Thumb Code     4  stm32f1xx_ll_usb.o(i.USB_DevDisconnect)
    USB_DevInit                              0x08003f17   Thumb Code    18  stm32f1xx_ll_usb.o(i.USB_DevInit)
    USB_DisableGlobalInt                     0x08003f29   Thumb Code    14  stm32f1xx_ll_usb.o(i.USB_DisableGlobalInt)
    USB_EP0_OutStart                         0x08003f37   Thumb Code     4  stm32f1xx_ll_usb.o(i.USB_EP0_OutStart)
    USB_EPClearStall                         0x08003f3b   Thumb Code   120  stm32f1xx_ll_usb.o(i.USB_EPClearStall)
    USB_EPSetStall                           0x08003fb3   Thumb Code    50  stm32f1xx_ll_usb.o(i.USB_EPSetStall)
    USB_EPStartXfer                          0x08003fe5   Thumb Code  1548  stm32f1xx_ll_usb.o(i.USB_EPStartXfer)
    USB_EnableGlobalInt                      0x080045f1   Thumb Code    18  stm32f1xx_ll_usb.o(i.USB_EnableGlobalInt)
    USB_FlushRxFifo                          0x08004603   Thumb Code     4  stm32f1xx_ll_usb.o(i.USB_FlushRxFifo)
    USB_FlushTxFifo                          0x08004607   Thumb Code     4  stm32f1xx_ll_usb.o(i.USB_FlushTxFifo)
    USB_LP_CAN1_RX0_IRQHandler               0x0800460d   Thumb Code     6  stm32f1xx_it.o(i.USB_LP_CAN1_RX0_IRQHandler)
    USB_ReadInterrupts                       0x08004619   Thumb Code     6  stm32f1xx_ll_usb.o(i.USB_ReadInterrupts)
    USB_ReadPMA                              0x08004621   Thumb Code    44  stm32f1xx_ll_usb.o(i.USB_ReadPMA)
    USB_SetCurrentMode                       0x0800464d   Thumb Code     4  stm32f1xx_ll_usb.o(i.USB_SetCurrentMode)
    USB_SetDevAddress                        0x08004651   Thumb Code    12  stm32f1xx_ll_usb.o(i.USB_SetDevAddress)
    USB_WritePMA                             0x0800465d   Thumb Code    38  stm32f1xx_ll_usb.o(i.USB_WritePMA)
    UsageFault_Handler                       0x08004683   Thumb Code     2  stm32f1xx_it.o(i.UsageFault_Handler)
    __scatterload_copy                       0x080046a5   Thumb Code    14  handlers.o(i.__scatterload_copy)
    __scatterload_null                       0x080046b3   Thumb Code     2  handlers.o(i.__scatterload_null)
    __scatterload_zeroinit                   0x080046b5   Thumb Code    14  handlers.o(i.__scatterload_zeroinit)
    crypt_decrypt                            0x080048f1   Thumb Code    34  crypt.o(i.crypt_decrypt)
    fat32_read                               0x08004919   Thumb Code   168  fat32.o(i.fat32_read)
    fat32_write                              0x080049d9   Thumb Code    78  fat32.o(i.fat32_write)
    ihex_is_crypt_mode                       0x08004ad9   Thumb Code     6  ihex_parser.o(i.ihex_is_crypt_mode)
    ihex_parser                              0x08004ae5   Thumb Code   410  ihex_parser.o(i.ihex_parser)
    ihex_reset_state                         0x08004c89   Thumb Code    18  ihex_parser.o(i.ihex_reset_state)
    ihex_set_callback_func                   0x08004ca1   Thumb Code     6  ihex_parser.o(i.ihex_set_callback_func)
    jmp_to_appcode                           0x08004cad   Thumb Code    28  main.o(i.jmp_to_appcode)
    main                                     0x08004cd1   Thumb Code   140  main.o(i.main)
    ssd1306_I2C_Init                         0x08004d85   Thumb Code     8  ssd1306.o(i.ssd1306_I2C_Init)
    ssd1306_I2C_Write                        0x08004d91   Thumb Code    28  ssd1306.o(i.ssd1306_I2C_Write)
    ssd1306_I2C_WriteMulti                   0x08004db1   Thumb Code    50  ssd1306.o(i.ssd1306_I2C_WriteMulti)
    Font11x18                                0x08004f7e   Data        3420  fonts.o(.constdata)
    STORAGE_Inquirydata_FS                   0x08005cda   Data          36  usbd_storage_if.o(.constdata)
    APBPrescTable                            0x08005cfe   Data           8  system_stm32f1xx.o(.constdata)
    MSC_Page00_Inquiry_Data                  0x08005d06   Data           7  usbd_msc_data.o(.constdata)
    MSC_Mode_Sense6_data                     0x08005d0d   Data           8  usbd_msc_data.o(.constdata)
    MSC_Mode_Sense10_data                    0x08005d15   Data           8  usbd_msc_data.o(.constdata)
    Region$$Table$$Base                      0x08005d20   Number         0  anon$$obj.o(Region$$Table)
    Region$$Table$$Limit                     0x08005d40   Number         0  anon$$obj.o(Region$$Table)
    Font_11x18                               0x20000014   Data           8  fonts.o(.data)
    FS_Desc                                  0x20000024   Data          28  usbd_desc.o(.data)
    USBD_LangIDDesc                          0x20000040   Data           4  usbd_desc.o(.data)
    USBD_FS_DeviceDesc                       0x20000044   Data          18  usbd_desc.o(.data)
    USBD_StringSerial                        0x20000058   Data          26  usbd_desc.o(.data)
    USBD_Storage_Interface_fops_FS           0x20000074   Data          32  usbd_storage_if.o(.data)
    uwTickFreq                               0x20000094   Data           1  stm32f1xx_hal.o(.data)
    uwTickPrio                               0x20000098   Data           4  stm32f1xx_hal.o(.data)
    uwTick                                   0x2000009c   Data           4  stm32f1xx_hal.o(.data)
    SystemCoreClock                          0x200000a0   Data           4  system_stm32f1xx.o(.data)
    USBD_MSC                                 0x200000a8   Data          56  usbd_msc.o(.data)
    USBD_MSC_CfgHSDesc                       0x200000e0   Data          32  usbd_msc.o(.data)
    USBD_MSC_CfgFSDesc                       0x20000100   Data          32  usbd_msc.o(.data)
    USBD_MSC_OtherSpeedCfgDesc               0x20000120   Data          32  usbd_msc.o(.data)
    USBD_MSC_DeviceQualifierDesc             0x20000140   Data          10  usbd_msc.o(.data)
    hi2c1                                    0x2000074c   Data          84  main.o(.bss)
    hUsbDeviceFS                             0x200007a0   Data         708  usb_device.o(.bss)
    hpcd_USB_FS                              0x20000cd4   Data         748  usbd_conf.o(.bss)
    USBD_StrDesc                             0x20000fc0   Data         512  usbd_desc.o(.bss)
    pFlash                                   0x200011c0   Data          32  stm32f1xx_hal_flash.o(.bss)
    __initial_sp                             0x200015e0   Data           0  startup_stm32f103xb.o(STACK)



==============================================================================

Memory Map of the image

  Image Entry point : 0x080000ed

  Load Region LR_IROM1 (Base: 0x08000000, Size: 0x00005e8c, Max: 0x00010000, ABSOLUTE, COMPRESSED[0x00005dec])

    Execution Region ER_IROM1 (Exec base: 0x08000000, Load base: 0x08000000, Size: 0x00005d40, Max: 0x00010000, ABSOLUTE)

    Exec Addr    Load Addr    Size         Type   Attr      Idx    E Section Name        Object

    0x08000000   0x08000000   0x000000ec   Data   RO            3    RESET               startup_stm32f103xb.o
    0x080000ec   0x080000ec   0x00000000   Code   RO         4002  * .ARM.Collect$$$$00000000  mc_w.l(entry.o)
    0x080000ec   0x080000ec   0x00000004   Code   RO         4015    .ARM.Collect$$$$00000001  mc_w.l(entry2.o)
    0x080000f0   0x080000f0   0x00000004   Code   RO         4018    .ARM.Collect$$$$00000004  mc_w.l(entry5.o)
    0x080000f4   0x080000f4   0x00000000   Code   RO         4020    .ARM.Collect$$$$00000008  mc_w.l(entry7b.o)
    0x080000f4   0x080000f4   0x00000000   Code   RO         4022    .ARM.Collect$$$$0000000A  mc_w.l(entry8b.o)
    0x080000f4   0x080000f4   0x00000008   Code   RO         4023    .ARM.Collect$$$$0000000B  mc_w.l(entry9a.o)
    0x080000fc   0x080000fc   0x00000004   Code   RO         4030    .ARM.Collect$$$$0000000E  mc_w.l(entry12b.o)
    0x08000100   0x08000100   0x00000000   Code   RO         4025    .ARM.Collect$$$$0000000F  mc_w.l(entry10a.o)
    0x08000100   0x08000100   0x00000000   Code   RO         4027    .ARM.Collect$$$$00000011  mc_w.l(entry11a.o)
    0x08000100   0x08000100   0x00000004   Code   RO         4016    .ARM.Collect$$$$00002712  mc_w.l(entry2.o)
    0x08000104   0x08000104   0x00000024   Code   RO            4    .text               startup_stm32f103xb.o
    0x08000128   0x08000128   0x00000020   Code   RO         4005    .text               mc_w.l(llushr.o)
    0x08000148   0x08000148   0x00000024   Code   RO         4007    .text               mc_w.l(memcpya.o)
    0x0800016c   0x0800016c   0x00000024   Code   RO         4009    .text               mc_w.l(memseta.o)
    0x08000190   0x08000190   0x00000024   Code   RO         4031    .text               mc_w.l(init.o)
    0x080001b4   0x080001b4   0x00000056   Code   RO         4041    .text               mc_w.l(__dczerorl2.o)
    0x0800020a   0x0800020a   0x00000048   Code   RO          249    i.AES_CTR_xcrypt_buffer  aes.o
    0x08000252   0x08000252   0x00000008   Code   RO          250    i.AES_ctx_set_iv    aes.o
    0x0800025a   0x0800025a   0x00000030   Code   RO          253    i.AddRoundKey       aes.o
    0x0800028a   0x0800028a   0x00000002   Code   RO         1091    i.BusFault_Handler  stm32f1xx_it.o
    0x0800028c   0x0800028c   0x00000094   Code   RO          254    i.Cipher            aes.o
    0x08000320   0x08000320   0x00000002   Code   RO         1092    i.DebugMon_Handler  stm32f1xx_it.o
    0x08000322   0x08000322   0x00000002   Code   RO          548    i.Error_Handler     main.o
    0x08000324   0x08000324   0x00000024   Code   RO         2759    i.FLASH_MassErase   stm32f1xx_hal_flash_ex.o
    0x08000348   0x08000348   0x00000024   Code   RO         2764    i.FLASH_PageErase   stm32f1xx_hal_flash_ex.o
    0x0800036c   0x0800036c   0x0000001c   Code   RO         2656    i.FLASH_Program_HalfWord  stm32f1xx_hal_flash.o
    0x08000388   0x08000388   0x0000005c   Code   RO         2657    i.FLASH_SetErrorCode  stm32f1xx_hal_flash.o
    0x080003e4   0x080003e4   0x00000054   Code   RO         2658    i.FLASH_WaitForLastOperation  stm32f1xx_hal_flash.o
    0x08000438   0x08000438   0x00000058   Code   RO          255    i.GenNewIV          aes.o
    0x08000490   0x08000490   0x00000020   Code   RO         1947    i.HAL_DeInit        stm32f1xx_hal.o
    0x080004b0   0x080004b0   0x000000a8   Code   RO         2765    i.HAL_FLASHEx_Erase  stm32f1xx_hal_flash_ex.o
    0x08000558   0x08000558   0x00000014   Code   RO         2662    i.HAL_FLASH_Lock    stm32f1xx_hal_flash.o
    0x0800056c   0x0800056c   0x00000080   Code   RO         2667    i.HAL_FLASH_Program  stm32f1xx_hal_flash.o
    0x080005ec   0x080005ec   0x00000028   Code   RO         2669    i.HAL_FLASH_Unlock  stm32f1xx_hal_flash.o
    0x08000614   0x08000614   0x000001e0   Code   RO         2256    i.HAL_GPIO_Init     stm32f1xx_hal_gpio.o
    0x080007f4   0x080007f4   0x0000000c   Code   RO         1952    i.HAL_GetTick       stm32f1xx_hal.o
    0x08000800   0x08000800   0x00000188   Code   RO         2927    i.HAL_I2C_Init      stm32f1xx_hal_i2c.o
    0x08000988   0x08000988   0x0000016c   Code   RO         2928    i.HAL_I2C_IsDeviceReady  stm32f1xx_hal_i2c.o
    0x08000af4   0x08000af4   0x0000012c   Code   RO         2940    i.HAL_I2C_Master_Transmit  stm32f1xx_hal_i2c.o
    0x08000c20   0x08000c20   0x0000005c   Code   RO         1174    i.HAL_I2C_MspInit   stm32f1xx_hal_msp.o
    0x08000c7c   0x08000c7c   0x00000010   Code   RO         1958    i.HAL_IncTick       stm32f1xx_hal.o
    0x08000c8c   0x08000c8c   0x00000024   Code   RO         1959    i.HAL_Init          stm32f1xx_hal.o
    0x08000cb0   0x08000cb0   0x00000040   Code   RO         1960    i.HAL_InitTick      stm32f1xx_hal.o
    0x08000cf0   0x08000cf0   0x00000002   Code   RO         1961    i.HAL_MspDeInit     stm32f1xx_hal.o
    0x08000cf2   0x08000cf2   0x00000002   PAD
    0x08000cf4   0x08000cf4   0x0000003c   Code   RO         1175    i.HAL_MspInit       stm32f1xx_hal_msp.o
    0x08000d30   0x08000d30   0x0000001a   Code   RO         2416    i.HAL_NVIC_EnableIRQ  stm32f1xx_hal_cortex.o
    0x08000d4a   0x08000d4a   0x00000002   PAD
    0x08000d4c   0x08000d4c   0x00000040   Code   RO         2422    i.HAL_NVIC_SetPriority  stm32f1xx_hal_cortex.o
    0x08000d8c   0x08000d8c   0x00000024   Code   RO         2423    i.HAL_NVIC_SetPriorityGrouping  stm32f1xx_hal_cortex.o
    0x08000db0   0x08000db0   0x0000003c   Code   RO         1530    i.HAL_PCDEx_PMAConfig  stm32f1xx_hal_pcd_ex.o
    0x08000dec   0x08000dec   0x00000002   Code   RO          732    i.HAL_PCDEx_SetConnectionState  usbd_conf.o
    0x08000dee   0x08000dee   0x00000012   Code   RO          734    i.HAL_PCD_DataInStageCallback  usbd_conf.o
    0x08000e00   0x08000e00   0x00000014   Code   RO          735    i.HAL_PCD_DataOutStageCallback  usbd_conf.o
    0x08000e14   0x08000e14   0x0000004c   Code   RO         1306    i.HAL_PCD_EP_Close  stm32f1xx_hal_pcd.o
    0x08000e60   0x08000e60   0x0000005c   Code   RO         1307    i.HAL_PCD_EP_ClrStall  stm32f1xx_hal_pcd.o
    0x08000ebc   0x08000ebc   0x000000e6   Code   RO         1308    i.HAL_PCD_EP_DB_Receive  stm32f1xx_hal_pcd.o
    0x08000fa2   0x08000fa2   0x00000330   Code   RO         1309    i.HAL_PCD_EP_DB_Transmit  stm32f1xx_hal_pcd.o
    0x080012d2   0x080012d2   0x00000034   Code   RO         1310    i.HAL_PCD_EP_Flush  stm32f1xx_hal_pcd.o
    0x08001306   0x08001306   0x00000012   Code   RO         1311    i.HAL_PCD_EP_GetRxCount  stm32f1xx_hal_pcd.o
    0x08001318   0x08001318   0x00000060   Code   RO         1312    i.HAL_PCD_EP_Open   stm32f1xx_hal_pcd.o
    0x08001378   0x08001378   0x00000032   Code   RO         1313    i.HAL_PCD_EP_Receive  stm32f1xx_hal_pcd.o
    0x080013aa   0x080013aa   0x00000072   Code   RO         1314    i.HAL_PCD_EP_SetStall  stm32f1xx_hal_pcd.o
    0x0800141c   0x0800141c   0x00000034   Code   RO         1315    i.HAL_PCD_EP_Transmit  stm32f1xx_hal_pcd.o
    0x08001450   0x08001450   0x00000154   Code   RO         1317    i.HAL_PCD_IRQHandler  stm32f1xx_hal_pcd.o
    0x080015a4   0x080015a4   0x000000da   Code   RO         1320    i.HAL_PCD_Init      stm32f1xx_hal_pcd.o
    0x0800167e   0x0800167e   0x00000002   PAD
    0x08001680   0x08001680   0x0000003c   Code   RO          740    i.HAL_PCD_MspInit   usbd_conf.o
    0x080016bc   0x080016bc   0x00000026   Code   RO          741    i.HAL_PCD_ResetCallback  usbd_conf.o
    0x080016e2   0x080016e2   0x00000008   Code   RO          742    i.HAL_PCD_ResumeCallback  usbd_conf.o
    0x080016ea   0x080016ea   0x00000008   Code   RO          743    i.HAL_PCD_SOFCallback  usbd_conf.o
    0x080016f2   0x080016f2   0x00000028   Code   RO         1326    i.HAL_PCD_SetAddress  stm32f1xx_hal_pcd.o
    0x0800171a   0x0800171a   0x0000000e   Code   RO          744    i.HAL_PCD_SetupStageCallback  usbd_conf.o
    0x08001728   0x08001728   0x00000032   Code   RO         1328    i.HAL_PCD_Start     stm32f1xx_hal_pcd.o
    0x0800175a   0x0800175a   0x00000002   PAD
    0x0800175c   0x0800175c   0x00000024   Code   RO          745    i.HAL_PCD_SuspendCallback  usbd_conf.o
    0x08001780   0x08001780   0x00000020   Code   RO         2123    i.HAL_RCC_GetPCLK1Freq  stm32f1xx_hal_rcc.o
    0x080017a0   0x080017a0   0x00000028   Code   RO         2427    i.HAL_SYSTICK_Config  stm32f1xx_hal_cortex.o
    0x080017c8   0x080017c8   0x00000002   Code   RO         1093    i.HardFault_Handler  stm32f1xx_it.o
    0x080017ca   0x080017ca   0x0000002e   Code   RO         2969    i.I2C_IsAcknowledgeFailed  stm32f1xx_hal_i2c.o
    0x080017f8   0x080017f8   0x0000009c   Code   RO         2973    i.I2C_MasterRequestWrite  stm32f1xx_hal_i2c.o
    0x08001894   0x08001894   0x0000004c   Code   RO         2984    i.I2C_WaitOnBTFFlagUntilTimeout  stm32f1xx_hal_i2c.o
    0x080018e0   0x080018e0   0x00000068   Code   RO         2985    i.I2C_WaitOnFlagUntilTimeout  stm32f1xx_hal_i2c.o
    0x08001948   0x08001948   0x00000096   Code   RO         2986    i.I2C_WaitOnMasterAddressFlagUntilTimeout  stm32f1xx_hal_i2c.o
    0x080019de   0x080019de   0x0000004c   Code   RO         2988    i.I2C_WaitOnTXEFlagUntilTimeout  stm32f1xx_hal_i2c.o
    0x08001a2a   0x08001a2a   0x00000002   PAD
    0x08001a2c   0x08001a2c   0x00000038   Code   RO          944    i.IntToUnicode      usbd_desc.o
    0x08001a64   0x08001a64   0x00000018   Code   RO          549    i.LL_APB2_GRP1_EnableClock  main.o
    0x08001a7c   0x08001a7c   0x000000f0   Code   RO         1248    i.LL_GPIO_Init      stm32f1xx_ll_gpio.o
    0x08001b6c   0x08001b6c   0x0000000c   Code   RO         1827    i.LL_SetSystemCoreClock  stm32f1xx_ll_utils.o
    0x08001b78   0x08001b78   0x00000044   Code   RO         3800    i.MSC_BOT_Abort     usbd_msc_bot.o
    0x08001bbc   0x08001bbc   0x000000b8   Code   RO         3801    i.MSC_BOT_CBW_Decode  usbd_msc_bot.o
    0x08001c74   0x08001c74   0x0000002c   Code   RO         3802    i.MSC_BOT_CplClrFeature  usbd_msc_bot.o
    0x08001ca0   0x08001ca0   0x00000042   Code   RO         3803    i.MSC_BOT_DataIn    usbd_msc_bot.o
    0x08001ce2   0x08001ce2   0x0000003c   Code   RO         3804    i.MSC_BOT_DataOut   usbd_msc_bot.o
    0x08001d1e   0x08001d1e   0x0000000a   Code   RO         3805    i.MSC_BOT_DeInit    usbd_msc_bot.o
    0x08001d28   0x08001d28   0x00000042   Code   RO         3806    i.MSC_BOT_Init      usbd_msc_bot.o
    0x08001d6a   0x08001d6a   0x00000018   Code   RO         3807    i.MSC_BOT_Reset     usbd_msc_bot.o
    0x08001d82   0x08001d82   0x00000002   PAD
    0x08001d84   0x08001d84   0x0000003c   Code   RO         3808    i.MSC_BOT_SendCSW   usbd_msc_bot.o
    0x08001dc0   0x08001dc0   0x0000003a   Code   RO         3809    i.MSC_BOT_SendData  usbd_msc_bot.o
    0x08001dfa   0x08001dfa   0x00000002   PAD
    0x08001dfc   0x08001dfc   0x00000054   Code   RO          665    i.MX_USB_DEVICE_Init  usb_device.o
    0x08001e50   0x08001e50   0x00000002   Code   RO         1094    i.MemManage_Handler  stm32f1xx_it.o
    0x08001e52   0x08001e52   0x00000002   PAD
    0x08001e54   0x08001e54   0x0000009a   Code   RO          257    i.MixColumns        aes.o
    0x08001eee   0x08001eee   0x00000002   Code   RO         1095    i.NMI_Handler       stm32f1xx_it.o
    0x08001ef0   0x08001ef0   0x00000314   Code   RO         1332    i.PCD_EP_ISR_Handler  stm32f1xx_hal_pcd.o
    0x08002204   0x08002204   0x00000002   Code   RO         1096    i.PendSV_Handler    stm32f1xx_it.o
    0x08002206   0x08002206   0x00000022   Code   RO         3901    i.SCSI_CheckAddressRange  usbd_msc_scsi.o
    0x08002228   0x08002228   0x00000060   Code   RO         3902    i.SCSI_Inquiry      usbd_msc_scsi.o
    0x08002288   0x08002288   0x00000024   Code   RO         3903    i.SCSI_ModeSense10  usbd_msc_scsi.o
    0x080022ac   0x080022ac   0x00000024   Code   RO         3904    i.SCSI_ModeSense6   usbd_msc_scsi.o
    0x080022d0   0x080022d0   0x00000096   Code   RO         3905    i.SCSI_ProcessCmd   usbd_msc_scsi.o
    0x08002366   0x08002366   0x00000098   Code   RO         3906    i.SCSI_ProcessRead  usbd_msc_scsi.o
    0x080023fe   0x080023fe   0x000000aa   Code   RO         3907    i.SCSI_ProcessWrite  usbd_msc_scsi.o
    0x080024a8   0x080024a8   0x000000cc   Code   RO         3908    i.SCSI_Read10       usbd_msc_scsi.o
    0x08002574   0x08002574   0x0000005a   Code   RO         3909    i.SCSI_ReadCapacity10  usbd_msc_scsi.o
    0x080025ce   0x080025ce   0x00000070   Code   RO         3910    i.SCSI_ReadFormatCapacity  usbd_msc_scsi.o
    0x0800263e   0x0800263e   0x00000068   Code   RO         3911    i.SCSI_RequestSense  usbd_msc_scsi.o
    0x080026a6   0x080026a6   0x00000034   Code   RO         3912    i.SCSI_SenseCode    usbd_msc_scsi.o
    0x080026da   0x080026da   0x0000000c   Code   RO         3913    i.SCSI_StartStopUnit  usbd_msc_scsi.o
    0x080026e6   0x080026e6   0x0000004c   Code   RO         3914    i.SCSI_TestUnitReady  usbd_msc_scsi.o
    0x08002732   0x08002732   0x00000038   Code   RO         3915    i.SCSI_Verify10     usbd_msc_scsi.o
    0x0800276a   0x0800276a   0x00000102   Code   RO         3916    i.SCSI_Write10      usbd_msc_scsi.o
    0x0800286c   0x0800286c   0x00000040   Code   RO          358    i.SSD1306_DrawPixel  ssd1306.o
    0x080028ac   0x080028ac   0x00000018   Code   RO          361    i.SSD1306_Fill      ssd1306.o
    0x080028c4   0x080028c4   0x0000000c   Code   RO          362    i.SSD1306_GotoXY    ssd1306.o
    0x080028d0   0x080028d0   0x00000168   Code   RO          363    i.SSD1306_Init      ssd1306.o
    0x08002a38   0x08002a38   0x000000a0   Code   RO          367    i.SSD1306_Putc      ssd1306.o
    0x08002ad8   0x08002ad8   0x00000028   Code   RO          368    i.SSD1306_Puts      ssd1306.o
    0x08002b00   0x08002b00   0x00000048   Code   RO          375    i.SSD1306_UpdateScreen  ssd1306.o
    0x08002b48   0x08002b48   0x0000000e   Code   RO         1030    i.STORAGE_GetCapacity_FS  usbd_storage_if.o
    0x08002b56   0x08002b56   0x00000004   Code   RO         1031    i.STORAGE_GetMaxLun_FS  usbd_storage_if.o
    0x08002b5a   0x08002b5a   0x00000004   Code   RO         1032    i.STORAGE_Init_FS   usbd_storage_if.o
    0x08002b5e   0x08002b5e   0x00000004   Code   RO         1033    i.STORAGE_IsReady_FS  usbd_storage_if.o
    0x08002b62   0x08002b62   0x00000004   Code   RO         1034    i.STORAGE_IsWriteProtected_FS  usbd_storage_if.o
    0x08002b66   0x08002b66   0x0000002c   Code   RO         1035    i.STORAGE_Read_FS   usbd_storage_if.o
    0x08002b92   0x08002b92   0x0000002c   Code   RO         1036    i.STORAGE_Write_FS  usbd_storage_if.o
    0x08002bbe   0x08002bbe   0x00000002   Code   RO         1097    i.SVC_Handler       stm32f1xx_it.o
    0x08002bc0   0x08002bc0   0x00000004   Code   RO         1098    i.SysTick_Handler   stm32f1xx_it.o
    0x08002bc4   0x08002bc4   0x000000ac   Code   RO          550    i.SystemClock_Config  main.o
    0x08002c70   0x08002c70   0x00000048   Code   RO         3385    i.SystemInit        system_stm32f1xx.o
    0x08002cb8   0x08002cb8   0x0000000e   Code   RO         3422    i.USBD_ClrClassConfig  usbd_core.o
    0x08002cc6   0x08002cc6   0x00000026   Code   RO         3560    i.USBD_ClrFeature   usbd_ctlreq.o
    0x08002cec   0x08002cec   0x00000010   Code   RO         3655    i.USBD_CtlContinueRx  usbd_ioreq.o
    0x08002cfc   0x08002cfc   0x00000010   Code   RO         3656    i.USBD_CtlContinueSendData  usbd_ioreq.o
    0x08002d0c   0x08002d0c   0x00000018   Code   RO         3561    i.USBD_CtlError     usbd_ctlreq.o
    0x08002d24   0x08002d24   0x00000016   Code   RO         3658    i.USBD_CtlReceiveStatus  usbd_ioreq.o
    0x08002d3a   0x08002d3a   0x0000001a   Code   RO         3659    i.USBD_CtlSendData  usbd_ioreq.o
    0x08002d54   0x08002d54   0x00000016   Code   RO         3660    i.USBD_CtlSendStatus  usbd_ioreq.o
    0x08002d6a   0x08002d6a   0x00000002   PAD
    0x08002d6c   0x08002d6c   0x00000020   Code   RO          945    i.USBD_FS_ConfigStrDescriptor  usbd_desc.o
    0x08002d8c   0x08002d8c   0x0000000c   Code   RO          946    i.USBD_FS_DeviceDescriptor  usbd_desc.o
    0x08002d98   0x08002d98   0x00000024   Code   RO          947    i.USBD_FS_InterfaceStrDescriptor  usbd_desc.o
    0x08002dbc   0x08002dbc   0x0000000c   Code   RO          948    i.USBD_FS_LangIDStrDescriptor  usbd_desc.o
    0x08002dc8   0x08002dc8   0x00000028   Code   RO          949    i.USBD_FS_ManufacturerStrDescriptor  usbd_desc.o
    0x08002df0   0x08002df0   0x00000028   Code   RO          950    i.USBD_FS_ProductStrDescriptor  usbd_desc.o
    0x08002e18   0x08002e18   0x00000038   Code   RO          951    i.USBD_FS_SerialStrDescriptor  usbd_desc.o
    0x08002e50   0x08002e50   0x00000034   Code   RO         3562    i.USBD_GetConfig    usbd_ctlreq.o
    0x08002e84   0x08002e84   0x000001aa   Code   RO         3563    i.USBD_GetDescriptor  usbd_ctlreq.o
    0x0800302e   0x0800302e   0x00000018   Code   RO         3564    i.USBD_GetLen       usbd_ctlreq.o
    0x08003046   0x08003046   0x00000036   Code   RO         3565    i.USBD_GetStatus    usbd_ctlreq.o
    0x0800307c   0x0800307c   0x00000044   Code   RO         3566    i.USBD_GetString    usbd_ctlreq.o
    0x080030c0   0x080030c0   0x00000018   Code   RO          746    i.USBD_Get_USB_Status  usbd_conf.o
    0x080030d8   0x080030d8   0x0000002c   Code   RO         3424    i.USBD_Init         usbd_core.o
    0x08003104   0x08003104   0x00000012   Code   RO          747    i.USBD_LL_ClearStallEP  usbd_conf.o
    0x08003116   0x08003116   0x00000012   Code   RO          748    i.USBD_LL_CloseEP   usbd_conf.o
    0x08003128   0x08003128   0x000000d6   Code   RO         3425    i.USBD_LL_DataInStage  usbd_core.o
    0x080031fe   0x080031fe   0x0000008a   Code   RO         3426    i.USBD_LL_DataOutStage  usbd_core.o
    0x08003288   0x08003288   0x00000012   Code   RO          751    i.USBD_LL_FlushEP   usbd_conf.o
    0x0800329a   0x0800329a   0x00000008   Code   RO          752    i.USBD_LL_GetRxDataSize  usbd_conf.o
    0x080032a2   0x080032a2   0x00000002   PAD
    0x080032a4   0x080032a4   0x00000070   Code   RO          753    i.USBD_LL_Init      usbd_conf.o
    0x08003314   0x08003314   0x00000020   Code   RO          754    i.USBD_LL_IsStallEP  usbd_conf.o
    0x08003334   0x08003334   0x00000018   Code   RO          755    i.USBD_LL_OpenEP    usbd_conf.o
    0x0800334c   0x0800334c   0x00000012   Code   RO          756    i.USBD_LL_PrepareReceive  usbd_conf.o
    0x0800335e   0x0800335e   0x00000052   Code   RO         3431    i.USBD_LL_Reset     usbd_core.o
    0x080033b0   0x080033b0   0x00000014   Code   RO         3432    i.USBD_LL_Resume    usbd_core.o
    0x080033c4   0x080033c4   0x00000018   Code   RO         3433    i.USBD_LL_SOF       usbd_core.o
    0x080033dc   0x080033dc   0x00000006   Code   RO         3434    i.USBD_LL_SetSpeed  usbd_core.o
    0x080033e2   0x080033e2   0x00000012   Code   RO          757    i.USBD_LL_SetUSBAddress  usbd_conf.o
    0x080033f4   0x080033f4   0x0000005e   Code   RO         3435    i.USBD_LL_SetupStage  usbd_core.o
    0x08003452   0x08003452   0x00000012   Code   RO          758    i.USBD_LL_StallEP   usbd_conf.o
    0x08003464   0x08003464   0x00000012   Code   RO          759    i.USBD_LL_Start     usbd_conf.o
    0x08003476   0x08003476   0x00000012   Code   RO         3436    i.USBD_LL_Suspend   usbd_core.o
    0x08003488   0x08003488   0x00000012   Code   RO          761    i.USBD_LL_Transmit  usbd_conf.o
    0x0800349a   0x0800349a   0x0000000a   Code   RO         3715    i.USBD_MSC_DataIn   usbd_msc.o
    0x080034a4   0x080034a4   0x0000000a   Code   RO         3716    i.USBD_MSC_DataOut  usbd_msc.o
    0x080034ae   0x080034ae   0x00000034   Code   RO         3717    i.USBD_MSC_DeInit   usbd_msc.o
    0x080034e2   0x080034e2   0x00000002   PAD
    0x080034e4   0x080034e4   0x0000000c   Code   RO         3718    i.USBD_MSC_GetDeviceQualifierDescriptor  usbd_msc.o
    0x080034f0   0x080034f0   0x0000000c   Code   RO         3719    i.USBD_MSC_GetFSCfgDesc  usbd_msc.o
    0x080034fc   0x080034fc   0x0000000c   Code   RO         3720    i.USBD_MSC_GetHSCfgDesc  usbd_msc.o
    0x08003508   0x08003508   0x0000000c   Code   RO         3721    i.USBD_MSC_GetOtherSpeedCfgDesc  usbd_msc.o
    0x08003514   0x08003514   0x0000006a   Code   RO         3722    i.USBD_MSC_Init     usbd_msc.o
    0x0800357e   0x0800357e   0x0000000c   Code   RO         3723    i.USBD_MSC_RegisterStorage  usbd_msc.o
    0x0800358a   0x0800358a   0x0000019e   Code   RO         3724    i.USBD_MSC_Setup    usbd_msc.o
    0x08003728   0x08003728   0x00000028   Code   RO         3567    i.USBD_ParseSetupRequest  usbd_ctlreq.o
    0x08003750   0x08003750   0x00000012   Code   RO         3437    i.USBD_RegisterClass  usbd_core.o
    0x08003762   0x08003762   0x00000004   Code   RO         3438    i.USBD_RunTestMode  usbd_core.o
    0x08003766   0x08003766   0x00000058   Code   RO         3568    i.USBD_SetAddress   usbd_ctlreq.o
    0x080037be   0x080037be   0x00000018   Code   RO         3439    i.USBD_SetClassConfig  usbd_core.o
    0x080037d6   0x080037d6   0x00000002   PAD
    0x080037d8   0x080037d8   0x000000cc   Code   RO         3569    i.USBD_SetConfig    usbd_ctlreq.o
    0x080038a4   0x080038a4   0x00000010   Code   RO         3570    i.USBD_SetFeature   usbd_ctlreq.o
    0x080038b4   0x080038b4   0x0000000a   Code   RO         3440    i.USBD_Start        usbd_core.o
    0x080038be   0x080038be   0x00000080   Code   RO         3571    i.USBD_StdDevReq    usbd_ctlreq.o
    0x0800393e   0x0800393e   0x000001f0   Code   RO         3572    i.USBD_StdEPReq     usbd_ctlreq.o
    0x08003b2e   0x08003b2e   0x0000006a   Code   RO         3573    i.USBD_StdItfReq    usbd_ctlreq.o
    0x08003b98   0x08003b98   0x00000002   Code   RO          762    i.USBD_static_free  usbd_conf.o
    0x08003b9a   0x08003b9a   0x00000002   PAD
    0x08003b9c   0x08003b9c   0x00000008   Code   RO          763    i.USBD_static_malloc  usbd_conf.o
    0x08003ba4   0x08003ba4   0x00000258   Code   RO         1570    i.USB_ActivateEndpoint  stm32f1xx_ll_usb.o
    0x08003dfc   0x08003dfc   0x00000004   Code   RO         1573    i.USB_CoreInit      stm32f1xx_ll_usb.o
    0x08003e00   0x08003e00   0x0000010e   Code   RO         1575    i.USB_DeactivateEndpoint  stm32f1xx_ll_usb.o
    0x08003f0e   0x08003f0e   0x00000004   Code   RO         1576    i.USB_DevConnect    stm32f1xx_ll_usb.o
    0x08003f12   0x08003f12   0x00000004   Code   RO         1577    i.USB_DevDisconnect  stm32f1xx_ll_usb.o
    0x08003f16   0x08003f16   0x00000012   Code   RO         1578    i.USB_DevInit       stm32f1xx_ll_usb.o
    0x08003f28   0x08003f28   0x0000000e   Code   RO         1579    i.USB_DisableGlobalInt  stm32f1xx_ll_usb.o
    0x08003f36   0x08003f36   0x00000004   Code   RO         1580    i.USB_EP0_OutStart  stm32f1xx_ll_usb.o
    0x08003f3a   0x08003f3a   0x00000078   Code   RO         1581    i.USB_EPClearStall  stm32f1xx_ll_usb.o
    0x08003fb2   0x08003fb2   0x00000032   Code   RO         1582    i.USB_EPSetStall    stm32f1xx_ll_usb.o
    0x08003fe4   0x08003fe4   0x0000060c   Code   RO         1583    i.USB_EPStartXfer   stm32f1xx_ll_usb.o
    0x080045f0   0x080045f0   0x00000012   Code   RO         1584    i.USB_EnableGlobalInt  stm32f1xx_ll_usb.o
    0x08004602   0x08004602   0x00000004   Code   RO         1585    i.USB_FlushRxFifo   stm32f1xx_ll_usb.o
    0x08004606   0x08004606   0x00000004   Code   RO         1586    i.USB_FlushTxFifo   stm32f1xx_ll_usb.o
    0x0800460a   0x0800460a   0x00000002   PAD
    0x0800460c   0x0800460c   0x0000000c   Code   RO         1099    i.USB_LP_CAN1_RX0_IRQHandler  stm32f1xx_it.o
    0x08004618   0x08004618   0x00000006   Code   RO         1591    i.USB_ReadInterrupts  stm32f1xx_ll_usb.o
    0x0800461e   0x0800461e   0x00000002   PAD
    0x08004620   0x08004620   0x0000002c   Code   RO         1592    i.USB_ReadPMA       stm32f1xx_ll_usb.o
    0x0800464c   0x0800464c   0x00000004   Code   RO         1593    i.USB_SetCurrentMode  stm32f1xx_ll_usb.o
    0x08004650   0x08004650   0x0000000c   Code   RO         1594    i.USB_SetDevAddress  stm32f1xx_ll_usb.o
    0x0800465c   0x0800465c   0x00000026   Code   RO         1596    i.USB_WritePMA      stm32f1xx_ll_usb.o
    0x08004682   0x08004682   0x00000002   Code   RO         1100    i.UsageFault_Handler  stm32f1xx_it.o
    0x08004684   0x08004684   0x00000020   Code   RO         2429    i.__NVIC_SetPriority  stm32f1xx_hal_cortex.o
    0x080046a4   0x080046a4   0x0000000e   Code   RO         4035    i.__scatterload_copy  mc_w.l(handlers.o)
    0x080046b2   0x080046b2   0x00000002   Code   RO         4036    i.__scatterload_null  mc_w.l(handlers.o)
    0x080046b4   0x080046b4   0x0000000e   Code   RO         4037    i.__scatterload_zeroinit  mc_w.l(handlers.o)
    0x080046c2   0x080046c2   0x00000002   PAD
    0x080046c4   0x080046c4   0x00000088   Code   RO           13    i._fat32_read_dir_entry  fat32.o
    0x0800474c   0x0800474c   0x00000078   Code   RO           14    i._fat32_read_fat_table  fat32.o
    0x080047c4   0x080047c4   0x0000012c   Code   RO           15    i._fat32_write_firmware  fat32.o
    0x080048f0   0x080048f0   0x00000028   Code   RO          217    i.crypt_decrypt     crypt.o
    0x08004918   0x08004918   0x000000c0   Code   RO           16    i.fat32_read        fat32.o
    0x080049d8   0x080049d8   0x00000054   Code   RO           17    i.fat32_write       fat32.o
    0x08004a2c   0x08004a2c   0x000000ac   Code   RO          219    i.gen_iv_by_lfsr    crypt.o
    0x08004ad8   0x08004ad8   0x0000000c   Code   RO          169    i.ihex_is_crypt_mode  ihex_parser.o
    0x08004ae4   0x08004ae4   0x000001a4   Code   RO          171    i.ihex_parser       ihex_parser.o
    0x08004c88   0x08004c88   0x00000018   Code   RO          172    i.ihex_reset_state  ihex_parser.o
    0x08004ca0   0x08004ca0   0x0000000c   Code   RO          173    i.ihex_set_callback_func  ihex_parser.o
    0x08004cac   0x08004cac   0x00000024   Code   RO          554    i.jmp_to_appcode    main.o
    0x08004cd0   0x08004cd0   0x000000b4   Code   RO          555    i.main              main.o
    0x08004d84   0x08004d84   0x0000000c   Code   RO          376    i.ssd1306_I2C_Init  ssd1306.o
    0x08004d90   0x08004d90   0x00000020   Code   RO          377    i.ssd1306_I2C_Write  ssd1306.o
    0x08004db0   0x08004db0   0x00000038   Code   RO          378    i.ssd1306_I2C_WriteMulti  ssd1306.o
    0x08004de8   0x08004de8   0x0000005a   Data   RO           18    .constdata          fat32.o
    0x08004e42   0x08004e42   0x00000030   Data   RO          221    .constdata          crypt.o
    0x08004e72   0x08004e72   0x0000010b   Data   RO          258    .constdata          aes.o
    0x08004f7d   0x08004f7d   0x00000001   PAD
    0x08004f7e   0x08004f7e   0x00000d5c   Data   RO          312    .constdata          fonts.o
    0x08005cda   0x08005cda   0x00000024   Data   RO         1037    .constdata          usbd_storage_if.o
    0x08005cfe   0x08005cfe   0x00000008   Data   RO         3387    .constdata          system_stm32f1xx.o
    0x08005d06   0x08005d06   0x00000007   Data   RO         3875    .constdata          usbd_msc_data.o
    0x08005d0d   0x08005d0d   0x00000008   Data   RO         3876    .constdata          usbd_msc_data.o
    0x08005d15   0x08005d15   0x00000008   Data   RO         3877    .constdata          usbd_msc_data.o
    0x08005d1d   0x08005d1d   0x00000003   PAD
    0x08005d20   0x08005d20   0x00000020   Data   RO         4033    Region$$Table       anon$$obj.o


    Execution Region RW_IRAM1 (Exec base: 0x20000000, Load base: 0x08005d40, Size: 0x000015e0, Max: 0x00005000, ABSOLUTE, COMPRESSED[0x000000ac])

    Exec Addr    Load Addr    Size         Type   Attr      Idx    E Section Name        Object

    0x20000000   COMPRESSED   0x00000014   Data   RW          175    .data               ihex_parser.o
    0x20000014   COMPRESSED   0x00000008   Data   RW          315    .data               fonts.o
    0x2000001c   COMPRESSED   0x00000006   Data   RW          380    .data               ssd1306.o
    0x20000022   COMPRESSED   0x00000002   PAD
    0x20000024   COMPRESSED   0x0000001c   Data   RW          953    .data               usbd_desc.o
    0x20000040   COMPRESSED   0x00000032   Data   RW          954    .data               usbd_desc.o
    0x20000072   COMPRESSED   0x00000002   PAD
    0x20000074   COMPRESSED   0x00000020   Data   RW         1038    .data               usbd_storage_if.o
    0x20000094   COMPRESSED   0x0000000c   Data   RW         1966    .data               stm32f1xx_hal.o
    0x200000a0   COMPRESSED   0x00000004   Data   RW         3388    .data               system_stm32f1xx.o
    0x200000a4   COMPRESSED   0x00000001   Data   RW         3574    .data               usbd_ctlreq.o
    0x200000a5   COMPRESSED   0x00000003   PAD
    0x200000a8   COMPRESSED   0x00000038   Data   RW         3725    .data               usbd_msc.o
    0x200000e0   COMPRESSED   0x0000006a   Data   RW         3726    .data               usbd_msc.o
    0x2000014a   COMPRESSED   0x00000002   PAD
    0x2000014c        -       0x000000ff   Zero   RW          174    .bss                ihex_parser.o
    0x2000024b        -       0x00000100   Zero   RW          220    .bss                crypt.o
    0x2000034b        -       0x00000400   Zero   RW          379    .bss                ssd1306.o
    0x2000074b   COMPRESSED   0x00000001   PAD
    0x2000074c        -       0x00000054   Zero   RW          556    .bss                main.o
    0x200007a0        -       0x000002c4   Zero   RW          666    .bss                usb_device.o
    0x20000a64        -       0x0000055c   Zero   RW          764    .bss                usbd_conf.o
    0x20000fc0        -       0x00000200   Zero   RW          952    .bss                usbd_desc.o
    0x200011c0        -       0x00000020   Zero   RW         2670    .bss                stm32f1xx_hal_flash.o
    0x200011e0        -       0x00000400   Zero   RW            1    STACK               startup_stm32f103xb.o


==============================================================================

Image component sizes


      Code (inc. data)   RO Data    RW Data    ZI Data      Debug   Object Name

       518          6        267          0          0       4876   aes.o
       212         12         48          0        256       1916   crypt.o
       832         72         90          0          0     420335   fat32.o
         0          0       3420          8          0       1195   fonts.o
       468         40          0         20        255       4247   ihex_parser.o
       414         66          0          0         84      33631   main.o
       832         54          0          6       1024       8252   ssd1306.o
        36          8        236          0       1024        792   startup_stm32f103xb.o
       162         30          0         12          0       6238   stm32f1xx_hal.o
       198         14          0          0          0      28899   stm32f1xx_hal_cortex.o
       392         46          0          0         32       4674   stm32f1xx_hal_flash.o
       240         26          0          0          0       3221   stm32f1xx_hal_flash_ex.o
       480         34          0          0          0       2248   stm32f1xx_hal_gpio.o
      1664         42          0          0          0      10269   stm32f1xx_hal_i2c.o
       152         20          0          0          0       1488   stm32f1xx_hal_msp.o
      3032          0          0          0          0      14488   stm32f1xx_hal_pcd.o
        60          0          0          0          0       1158   stm32f1xx_hal_pcd_ex.o
        32         12          0          0          0       1177   stm32f1xx_hal_rcc.o
        32          6          0          0          0       4159   stm32f1xx_it.o
       240          0          0          0          0      10351   stm32f1xx_ll_gpio.o
      2766          0          0          0          0      17491   stm32f1xx_ll_usb.o
        12          6          0          0          0       4496   stm32f1xx_ll_utils.o
        72         16          8          4          0       1139   system_stm32f1xx.o
        84         18          0          0        708       5941   usb_device.o
       558         28          0          0       1372      13847   usbd_conf.o
       710          0          0          0          0       9843   usbd_core.o
      1764         30          0          1          0      11196   usbd_ctlreq.o
       284        100          0         78        512       5581   usbd_desc.o
       102          0          0          0          0       3616   usbd_ioreq.o
       652         16          0        162          0       9228   usbd_msc.o
       640         10          0          0          0       7629   usbd_msc_bot.o
         0          0         23          0          0        873   usbd_msc_data.o
      1638         14          0          0          0      13431   usbd_msc_scsi.o
       118          0         36         32          0       4783   usbd_storage_if.o

    ----------------------------------------------------------------------
     19426        726       4164        332       5268     672708   Object Totals
         0          0         32          0          0          0   (incl. Generated)
        30          0          4          9          1          0   (incl. Padding)

    ----------------------------------------------------------------------

      Code (inc. data)   RO Data    RW Data    ZI Data      Debug   Library Member Name

        86          0          0          0          0          0   __dczerorl2.o
         0          0          0          0          0          0   entry.o
         0          0          0          0          0          0   entry10a.o
         0          0          0          0          0          0   entry11a.o
         4          0          0          0          0          0   entry12b.o
         8          4          0          0          0          0   entry2.o
         4          0          0          0          0          0   entry5.o
         0          0          0          0          0          0   entry7b.o
         0          0          0          0          0          0   entry8b.o
         8          4          0          0          0          0   entry9a.o
        30          0          0          0          0          0   handlers.o
        36          8          0          0          0         68   init.o
        32          0          0          0          0         68   llushr.o
        36          0          0          0          0         68   memcpya.o
        36          0          0          0          0        108   memseta.o

    ----------------------------------------------------------------------
       282         16          0          0          0        312   Library Totals
         2          0          0          0          0          0   (incl. Padding)

    ----------------------------------------------------------------------

      Code (inc. data)   RO Data    RW Data    ZI Data      Debug   Library Name

       280         16          0          0          0        312   mc_w.l

    ----------------------------------------------------------------------
       282         16          0          0          0        312   Library Totals

    ----------------------------------------------------------------------

==============================================================================


      Code (inc. data)   RO Data    RW Data    ZI Data      Debug   

     19708        742       4164        332       5268     662072   Grand Totals
     19708        742       4164        172       5268     662072   ELF Image Totals (compressed)
     19708        742       4164        172          0          0   ROM Totals

==============================================================================

    Total RO  Size (Code + RO Data)                23872 (  23.31kB)
    Total RW  Size (RW Data + ZI Data)              5600 (   5.47kB)
    Total ROM Size (Code + RO Data + RW Data)      24044 (  23.48kB)

==============================================================================

